Archive member included to satisfy reference by file (symbol)

C:/software/STM32CubeCLT_1.15.1/GNU-tools-for-STM32/bin/../lib/gcc/arm-none-eabi/12.3.1/thumb/v7-m/nofp\libgcc.a(_arm_muldf3.o)
                              CMakeFiles/RoboticStm32.elf.dir/Bsp/adc/voltage.c.obj (__aeabi_dmul)
C:/software/STM32CubeCLT_1.15.1/GNU-tools-for-STM32/bin/../lib/gcc/arm-none-eabi/12.3.1/thumb/v7-m/nofp\libgcc.a(_arm_mulsf3.o)
                              CMakeFiles/RoboticStm32.elf.dir/Bsp/adc/voltage.c.obj (__aeabi_fmul)
C:/software/STM32CubeCLT_1.15.1/GNU-tools-for-STM32/bin/../lib/gcc/arm-none-eabi/12.3.1/thumb/v7-m/nofp\libgcc.a(_arm_addsubdf3.o)
                              CMakeFiles/RoboticStm32.elf.dir/Robotic/pose/pose.c.obj (__aeabi_dsub)
C:/software/STM32CubeCLT_1.15.1/GNU-tools-for-STM32/bin/../lib/gcc/arm-none-eabi/12.3.1/thumb/v7-m/nofp\libgcc.a(_arm_muldivdf3.o)
                              CMakeFiles/RoboticStm32.elf.dir/Bsp/imu/icm20948.c.obj (__aeabi_ddiv)
C:/software/STM32CubeCLT_1.15.1/GNU-tools-for-STM32/bin/../lib/gcc/arm-none-eabi/12.3.1/thumb/v7-m/nofp\libgcc.a(_arm_cmpdf2.o)
                              CMakeFiles/RoboticStm32.elf.dir/Robotic/kinematics/kinematics.c.obj (__aeabi_dcmplt)
C:/software/STM32CubeCLT_1.15.1/GNU-tools-for-STM32/bin/../lib/gcc/arm-none-eabi/12.3.1/thumb/v7-m/nofp\libgcc.a(_arm_fixunsdfsi.o)
                              CMakeFiles/RoboticStm32.elf.dir/Bsp/adc/voltage.c.obj (__aeabi_d2uiz)
C:/software/STM32CubeCLT_1.15.1/GNU-tools-for-STM32/bin/../lib/gcc/arm-none-eabi/12.3.1/thumb/v7-m/nofp\libgcc.a(_arm_truncdfsf2.o)
                              CMakeFiles/RoboticStm32.elf.dir/Bsp/imu/icm20948.c.obj (__aeabi_d2f)
C:/software/STM32CubeCLT_1.15.1/GNU-tools-for-STM32/bin/../lib/gcc/arm-none-eabi/12.3.1/thumb/v7-m/nofp\libgcc.a(_arm_addsubsf3.o)
                              CMakeFiles/RoboticStm32.elf.dir/Bsp/oled/oled.c.obj (__aeabi_fsub)
C:/software/STM32CubeCLT_1.15.1/GNU-tools-for-STM32/bin/../lib/gcc/arm-none-eabi/12.3.1/thumb/v7-m/nofp\libgcc.a(_arm_muldivsf3.o)
                              CMakeFiles/RoboticStm32.elf.dir/Bsp/adc/voltage.c.obj (__aeabi_fdiv)
C:/software/STM32CubeCLT_1.15.1/GNU-tools-for-STM32/bin/../lib/gcc/arm-none-eabi/12.3.1/thumb/v7-m/nofp\libgcc.a(_arm_cmpsf2.o)
                              CMakeFiles/RoboticStm32.elf.dir/Robotic/pose/pose.c.obj (__aeabi_fcmpeq)
C:/software/STM32CubeCLT_1.15.1/GNU-tools-for-STM32/bin/../lib/gcc/arm-none-eabi/12.3.1/thumb/v7-m/nofp\libgcc.a(_arm_fixsfsi.o)
                              CMakeFiles/RoboticStm32.elf.dir/Bsp/motor/motor.c.obj (__aeabi_f2iz)
C:/software/STM32CubeCLT_1.15.1/GNU-tools-for-STM32/bin/../lib/gcc/arm-none-eabi/12.3.1/thumb/v7-m/nofp\libgcc.a(_arm_fixunssfsi.o)
                              CMakeFiles/RoboticStm32.elf.dir/Bsp/oled/oled.c.obj (__aeabi_f2uiz)
C:/software/STM32CubeCLT_1.15.1/GNU-tools-for-STM32/bin/../lib/gcc/arm-none-eabi/12.3.1/thumb/v7-m/nofp\libgcc.a(_aeabi_uldivmod.o)
                              CMakeFiles/RoboticStm32.elf.dir/Bsp/timer/timer.c.obj (__aeabi_uldivmod)
C:/software/STM32CubeCLT_1.15.1/GNU-tools-for-STM32/bin/../lib/gcc/arm-none-eabi/12.3.1/thumb/v7-m/nofp\libgcc.a(_udivmoddi4.o)
                              C:/software/STM32CubeCLT_1.15.1/GNU-tools-for-STM32/bin/../lib/gcc/arm-none-eabi/12.3.1/thumb/v7-m/nofp\libgcc.a(_aeabi_uldivmod.o) (__udivmoddi4)
C:/software/STM32CubeCLT_1.15.1/GNU-tools-for-STM32/bin/../lib/gcc/arm-none-eabi/12.3.1/thumb/v7-m/nofp\libgcc.a(_dvmd_tls.o)
                              C:/software/STM32CubeCLT_1.15.1/GNU-tools-for-STM32/bin/../lib/gcc/arm-none-eabi/12.3.1/thumb/v7-m/nofp\libgcc.a(_aeabi_uldivmod.o) (__aeabi_ldiv0)
C:/software/STM32CubeCLT_1.15.1/GNU-tools-for-STM32/bin/../lib/gcc/arm-none-eabi/12.3.1/../../../../arm-none-eabi/lib/thumb/v7-m/nofp\libg.a(libc_a-exit.o)
                              C:/software/STM32CubeCLT_1.15.1/GNU-tools-for-STM32/bin/../lib/gcc/arm-none-eabi/12.3.1/../../../../arm-none-eabi/lib/thumb/v7-m/nofp/crt0.o (exit)
C:/software/STM32CubeCLT_1.15.1/GNU-tools-for-STM32/bin/../lib/gcc/arm-none-eabi/12.3.1/../../../../arm-none-eabi/lib/thumb/v7-m/nofp\libg.a(libc_a-findfp.o)
                              CMakeFiles/RoboticStm32.elf.dir/Middlewares/Third_Party/FreeRTOS/Source/tasks.c.obj (__sf)
C:/software/STM32CubeCLT_1.15.1/GNU-tools-for-STM32/bin/../lib/gcc/arm-none-eabi/12.3.1/../../../../arm-none-eabi/lib/thumb/v7-m/nofp\libg.a(libc_a-fwalk.o)
                              C:/software/STM32CubeCLT_1.15.1/GNU-tools-for-STM32/bin/../lib/gcc/arm-none-eabi/12.3.1/../../../../arm-none-eabi/lib/thumb/v7-m/nofp\libg.a(libc_a-findfp.o) (_fwalk_sglue)
C:/software/STM32CubeCLT_1.15.1/GNU-tools-for-STM32/bin/../lib/gcc/arm-none-eabi/12.3.1/../../../../arm-none-eabi/lib/thumb/v7-m/nofp\libg.a(libc_a-snprintf.o)
                              CMakeFiles/RoboticStm32.elf.dir/Bsp/uart/uart.c.obj (snprintf)
[...]
Memory Configuration

Name             Origin             Length             Attributes
RAM              0x20000000         0x0000c000         xrw
FLASH            0x08000000         0x00040000         xr
*default*        0x00000000         0xffffffff

Linker script and memory map

LOAD C:/software/STM32CubeCLT_1.15.1/GNU-tools-for-STM32/bin/../lib/gcc/arm-none-eabi/12.3.1/thumb/v7-m/nofp/crti.o
LOAD C:/software/STM32CubeCLT_1.15.1/GNU-tools-for-STM32/bin/../lib/gcc/arm-none-eabi/12.3.1/thumb/v7-m/nofp/crtbegin.o
LOAD C:/software/STM32CubeCLT_1.15.1/GNU-tools-for-STM32/bin/../lib/gcc/arm-none-eabi/12.3.1/../../../../arm-none-eabi/lib/thumb/v7-m/nofp/crt0.o
LOAD CMakeFiles/RoboticStm32.elf.dir/Bsp/adc/voltage.c.obj
LOAD CMakeFiles/RoboticStm32.elf.dir/Bsp/can_fd/can_fd.c.obj
LOAD CMakeFiles/RoboticStm32.elf.dir/Bsp/encoder/encoder.c.obj
LOAD CMakeFiles/RoboticStm32.elf.dir/Bsp/gpio/beef.c.obj
LOAD CMakeFiles/RoboticStm32.elf.dir/Bsp/gpio/led.c.obj
LOAD CMakeFiles/RoboticStm32.elf.dir/Bsp/imu/icm20948.c.obj
LOAD CMakeFiles/RoboticStm32.elf.dir/Bsp/imu/sw_iic.c.obj
LOAD CMakeFiles/RoboticStm32.elf.dir/Bsp/motor/motor.c.obj
LOAD CMakeFiles/RoboticStm32.elf.dir/Bsp/oled/oled.c.obj
LOAD CMakeFiles/RoboticStm32.elf.dir/Bsp/timer/timer.c.obj
LOAD CMakeFiles/RoboticStm32.elf.dir/Bsp/uart/uart.c.obj
LOAD CMakeFiles/RoboticStm32.elf.dir/Core/Src/adc.c.obj
LOAD CMakeFiles/RoboticStm32.elf.dir/Core/Src/can.c.obj
LOAD CMakeFiles/RoboticStm32.elf.dir/Core/Src/dma.c.obj
LOAD CMakeFiles/RoboticStm32.elf.dir/Core/Src/freertos.c.obj
LOAD CMakeFiles/RoboticStm32.elf.dir/Core/Src/gpio.c.obj
LOAD CMakeFiles/RoboticStm32.elf.dir/Core/Src/i2c.c.obj
LOAD CMakeFiles/RoboticStm32.elf.dir/Core/Src/main.c.obj
LOAD CMakeFiles/RoboticStm32.elf.dir/Core/Src/spi.c.obj
LOAD CMakeFiles/RoboticStm32.elf.dir/Core/Src/stm32f1xx_hal_msp.c.obj
LOAD CMakeFiles/RoboticStm32.elf.dir/Core/Src/stm32f1xx_hal_timebase_tim.c.obj
LOAD CMakeFiles/RoboticStm32.elf.dir/Core/Src/stm32f1xx_it.c.obj
LOAD CMakeFiles/RoboticStm32.elf.dir/Core/Src/syscalls.c.obj
LOAD CMakeFiles/RoboticStm32.elf.dir/Core/Src/sysmem.c.obj
LOAD CMakeFiles/RoboticStm32.elf.dir/Core/Src/system_stm32f1xx.c.obj
LOAD CMakeFiles/RoboticStm32.elf.dir/Core/Src/tim.c.obj
LOAD CMakeFiles/RoboticStm32.elf.dir/Core/Src/usart.c.obj
LOAD CMakeFiles/RoboticStm32.elf.dir/Core/Startup/startup_stm32f103rctx.s.obj
LOAD CMakeFiles/RoboticStm32.elf.dir/Drivers/STM32F1xx_HAL_Driver/Src/stm32f1xx_hal.c.obj
LOAD CMakeFiles/RoboticStm32.elf.dir/Drivers/STM32F1xx_HAL_Driver/Src/stm32f1xx_hal_adc.c.obj
LOAD CMakeFiles/RoboticStm32.elf.dir/Drivers/STM32F1xx_HAL_Driver/Src/stm32f1xx_hal_adc_ex.c.obj
LOAD CMakeFiles/RoboticStm32.elf.dir/Drivers/STM32F1xx_HAL_Driver/Src/stm32f1xx_hal_can.c.obj
LOAD CMakeFiles/RoboticStm32.elf.dir/Drivers/STM32F1xx_HAL_Driver/Src/stm32f1xx_hal_cortex.c.obj
LOAD CMakeFiles/RoboticStm32.elf.dir/Drivers/STM32F1xx_HAL_Driver/Src/stm32f1xx_hal_dma.c.obj
LOAD CMakeFiles/RoboticStm32.elf.dir/Drivers/STM32F1xx_HAL_Driver/Src/stm32f1xx_hal_exti.c.obj
LOAD CMakeFiles/RoboticStm32.elf.dir/Drivers/STM32F1xx_HAL_Driver/Src/stm32f1xx_hal_flash.c.obj
LOAD CMakeFiles/RoboticStm32.elf.dir/Drivers/STM32F1xx_HAL_Driver/Src/stm32f1xx_hal_flash_ex.c.obj
LOAD CMakeFiles/RoboticStm32.elf.dir/Drivers/STM32F1xx_HAL_Driver/Src/stm32f1xx_hal_gpio.c.obj
LOAD CMakeFiles/RoboticStm32.elf.dir/Drivers/STM32F1xx_HAL_Driver/Src/stm32f1xx_hal_gpio_ex.c.obj
LOAD CMakeFiles/RoboticStm32.elf.dir/Drivers/STM32F1xx_HAL_Driver/Src/stm32f1xx_hal_i2c.c.obj
LOAD CMakeFiles/RoboticStm32.elf.dir/Drivers/STM32F1xx_HAL_Driver/Src/stm32f1xx_hal_pwr.c.obj
LOAD CMakeFiles/RoboticStm32.elf.dir/Drivers/STM32F1xx_HAL_Driver/Src/stm32f1xx_hal_rcc.c.obj
LOAD CMakeFiles/RoboticStm32.elf.dir/Drivers/STM32F1xx_HAL_Driver/Src/stm32f1xx_hal_rcc_ex.c.obj
LOAD CMakeFiles/RoboticStm32.elf.dir/Drivers/STM32F1xx_HAL_Driver/Src/stm32f1xx_hal_spi.c.obj
LOAD CMakeFiles/RoboticStm32.elf.dir/Drivers/STM32F1xx_HAL_Driver/Src/stm32f1xx_hal_tim.c.obj
LOAD CMakeFiles/RoboticStm32.elf.dir/Drivers/STM32F1xx_HAL_Driver/Src/stm32f1xx_hal_tim_ex.c.obj
LOAD CMakeFiles/RoboticStm32.elf.dir/Drivers/STM32F1xx_HAL_Driver/Src/stm32f1xx_hal_uart.c.obj
LOAD CMakeFiles/RoboticStm32.elf.dir/Middlewares/Third_Party/FreeRTOS/Source/CMSIS_RTOS_V2/cmsis_os2.c.obj
LOAD CMakeFiles/RoboticStm32.elf.dir/Middlewares/Third_Party/FreeRTOS/Source/croutine.c.obj
LOAD CMakeFiles/RoboticStm32.elf.dir/Middlewares/Third_Party/FreeRTOS/Source/event_groups.c.obj
LOAD CMakeFiles/RoboticStm32.elf.dir/Middlewares/Third_Party/FreeRTOS/Source/list.c.obj
LOAD CMakeFiles/RoboticStm32.elf.dir/Middlewares/Third_Party/FreeRTOS/Source/portable/GCC/ARM_CM3/port.c.obj
LOAD CMakeFiles/RoboticStm32.elf.dir/Middlewares/Third_Party/FreeRTOS/Source/portable/MemMang/heap_4.c.obj
LOAD CMakeFiles/RoboticStm32.elf.dir/Middlewares/Third_Party/FreeRTOS/Source/queue.c.obj
LOAD CMakeFiles/RoboticStm32.elf.dir/Middlewares/Third_Party/FreeRTOS/Source/stream_buffer.c.obj
LOAD CMakeFiles/RoboticStm32.elf.dir/Middlewares/Third_Party/FreeRTOS/Source/tasks.c.obj
LOAD CMakeFiles/RoboticStm32.elf.dir/Middlewares/Third_Party/FreeRTOS/Source/timers.c.obj
LOAD CMakeFiles/RoboticStm32.elf.dir/Robotic/can_mid/can_mid.c.obj
LOAD CMakeFiles/RoboticStm32.elf.dir/Robotic/kinematics/kinematics.c.obj
LOAD CMakeFiles/RoboticStm32.elf.dir/Robotic/pid/pid.c.obj
LOAD CMakeFiles/RoboticStm32.elf.dir/Robotic/pose/pose.c.obj
START GROUP
LOAD C:/software/STM32CubeCLT_1.15.1/GNU-tools-for-STM32/bin/../lib/gcc/arm-none-eabi/12.3.1/thumb/v7-m/nofp\libgcc.a
LOAD C:/software/STM32CubeCLT_1.15.1/GNU-tools-for-STM32/bin/../lib/gcc/arm-none-eabi/12.3.1/../../../../arm-none-eabi/lib/thumb/v7-m/nofp\libg.a
LOAD C:/software/STM32CubeCLT_1.15.1/GNU-tools-for-STM32/bin/../lib/gcc/arm-none-eabi/12.3.1/../../../../arm-none-eabi/lib/thumb/v7-m/nofp\libc.a
END GROUP
LOAD C:/software/STM32CubeCLT_1.15.1/GNU-tools-for-STM32/bin/../lib/gcc/arm-none-eabi/12.3.1/thumb/v7-m/nofp/crtend.o
LOAD C:/software/STM32CubeCLT_1.15.1/GNU-tools-for-STM32/bin/../lib/gcc/arm-none-eabi/12.3.1/thumb/v7-m/nofp/crtn.o
                0x2000c000                        _estack = (ORIGIN (RAM) + LENGTH (RAM))
                0x00000200                        _Min_Heap_Size = 0x200
                0x00000400                        _Min_Stack_Size = 0x400

.isr_vector     0x08000000      0x1e4
                0x08000000                        . = ALIGN (0x4)
 *(.isr_vector)
 .isr_vector    0x08000000      0x1e4 CMakeFiles/RoboticStm32.elf.dir/Core/Startup/startup_stm32f103rctx.s.obj
                0x08000000                g_pfnVectors
                0x080001e4                        . = ALIGN (0x4)

.text           0x080001f0     0xe2b4
                0x080001f0                        . = ALIGN (0x4)
 *(.text)
 .text          0x080001f0       0x40 C:/software/STM32CubeCLT_1.15.1/GNU-tools-for-STM32/bin/../lib/gcc/arm-none-eabi/12.3.1/thumb/v7-m/nofp/crtbegin.o
 .text          0x08000230      0x378 C:/software/STM32CubeCLT_1.15.1/GNU-tools-for-STM32/bin/../lib/gcc/arm-none-eabi/12.3.1/thumb/v7-m/nofp\libgcc.a(_arm_addsubdf3.o)
                0x08000230                __aeabi_drsub
                0x08000238                __aeabi_dsub
                0x08000238                __subdf3
                0x0800023c                __aeabi_dadd
                0x0800023c                __adddf3
                0x080004b4                __floatunsidf
                0x080004b4                __aeabi_ui2d
                0x080004d4                __floatsidf
                0x080004d4                __aeabi_i2d
                0x080004f8                __aeabi_f2d
                0x080004f8                __extendsfdf2
                0x0800053c                __floatundidf
                0x0800053c                __aeabi_ul2d
                0x0800054c                __floatdidf
                0x0800054c                __aeabi_l2d
 .text          0x080005a8      0x424 C:/software/STM32CubeCLT_1.15.1/GNU-tools-for-STM32/bin/../lib/gcc/arm-none-eabi/12.3.1/thumb/v7-m/nofp\libgcc.a(_arm_muldivdf3.o)
                0x080005a8                __aeabi_dmul
                0x080005a8                __muldf3
                0x080007fc                __divdf3
                0x080007fc                __aeabi_ddiv
 .text          0x080009cc      0x110 C:/software/STM32CubeCLT_1.15.1/GNU-tools-for-STM32/bin/../lib/gcc/arm-none-eabi/12.3.1/thumb/v7-m/nofp\libgcc.a(_arm_cmpdf2.o)
                0x080009cc                __gtdf2
                0x080009cc                __gedf2
                0x080009d4                __ltdf2
                0x080009d4                __ledf2
                0x080009dc                __nedf2
                0x080009dc                __eqdf2
                0x080009dc                __cmpdf2
                0x08000a58                __aeabi_cdrcmple
                0x08000a68                __aeabi_cdcmpeq
                0x08000a68                __aeabi_cdcmple
                0x08000a78                __aeabi_dcmpeq
                0x08000a8c                __aeabi_dcmplt
                0x08000aa0                __aeabi_dcmple
                0x08000ab4                __aeabi_dcmpge
                0x08000ac8                __aeabi_dcmpgt
 .text          0x08000adc       0x40 C:/software/STM32CubeCLT_1.15.1/GNU-tools-for-STM32/bin/../lib/gcc/arm-none-eabi/12.3.1/thumb/v7-m/nofp\libgcc.a(_arm_fixunsdfsi.o)
                0x08000adc                __aeabi_d2uiz
                0x08000adc                __fixunsdfsi
 .text          0x08000b1c       0xa0 C:/software/STM32CubeCLT_1.15.1/GNU-tools-for-STM32/bin/../lib/gcc/arm-none-eabi/12.3.1/thumb/v7-m/nofp\libgcc.a(_arm_truncdfsf2.o)
                0x08000b1c                __truncdfsf2
                0x08000b1c                __aeabi_d2f
 .text          0x08000bbc      0x21c C:/software/STM32CubeCLT_1.15.1/GNU-tools-for-STM32/bin/../lib/gcc/arm-none-eabi/12.3.1/thumb/v7-m/nofp\libgcc.a(_arm_addsubsf3.o)
                0x08000bbc                __aeabi_frsub
                0x08000bc4                __subsf3
                0x08000bc4                __aeabi_fsub
                0x08000bc8                __aeabi_fadd
                0x08000bc8                __addsf3
                0x08000d28                __aeabi_ui2f
                0x08000d28                __floatunsisf
                0x08000d30                __aeabi_i2f
                0x08000d30                __floatsisf
                0x08000d4c                __aeabi_ul2f
                0x08000d4c                __floatundisf
                0x08000d5c                __aeabi_l2f
                0x08000d5c                __floatdisf
 .text          0x08000dd8      0x2a0 C:/software/STM32CubeCLT_1.15.1/GNU-tools-for-STM32/bin/../lib/gcc/arm-none-eabi/12.3.1/thumb/v7-m/nofp\libgcc.a(_arm_muldivsf3.o)
                0x08000dd8                __mulsf3
                0x08000dd8                __aeabi_fmul
                0x08000f40                __aeabi_fdiv
                0x08000f40                __divsf3
 .text          0x08001078       0xec C:/software/STM32CubeCLT_1.15.1/GNU-tools-for-STM32/bin/../lib/gcc/arm-none-eabi/12.3.1/thumb/v7-m/nofp\libgcc.a(_arm_cmpsf2.o)
                0x08001078                __gesf2
                0x08001078                __gtsf2
                0x08001080                __lesf2
                0x08001080                __ltsf2
                0x08001088                __nesf2
                0x08001088                __eqsf2
                0x08001088                __cmpsf2
                0x080010e8                __aeabi_cfrcmple
                0x080010f0                __aeabi_cfcmpeq
                0x080010f0                __aeabi_cfcmple
                0x08001100                __aeabi_fcmpeq
                0x08001114                __aeabi_fcmplt
                0x08001128                __aeabi_fcmple
                0x0800113c                __aeabi_fcmpge
                0x08001150                __aeabi_fcmpgt
 .text          0x08001164       0x4c C:/software/STM32CubeCLT_1.15.1/GNU-tools-for-STM32/bin/../lib/gcc/arm-none-eabi/12.3.1/thumb/v7-m/nofp\libgcc.a(_arm_fixsfsi.o)
                0x08001164                __aeabi_f2iz
                0x08001164                __fixsfsi
 .text          0x080011b0       0x30 C:/software/STM32CubeCLT_1.15.1/GNU-tools-for-STM32/bin/../lib/gcc/arm-none-eabi/12.3.1/thumb/v7-m/nofp\libgcc.a(_aeabi_uldivmod.o)
                0x080011b0                __aeabi_uldivmod
 .text          0x080011e0      0x2b8 C:/software/STM32CubeCLT_1.15.1/GNU-tools-for-STM32/bin/../lib/gcc/arm-none-eabi/12.3.1/thumb/v7-m/nofp\libgcc.a(_udivmoddi4.o)
                0x080011e0                __udivmoddi4
 .text          0x08001498        0x4 C:/software/STM32CubeCLT_1.15.1/GNU-tools-for-STM32/bin/../lib/gcc/arm-none-eabi/12.3.1/thumb/v7-m/nofp\libgcc.a(_dvmd_tls.o)
                0x08001498                __aeabi_idiv0
                0x08001498                __aeabi_ldiv0
 .text          0x0800149c       0x10 C:/software/STM32CubeCLT_1.15.1/GNU-tools-for-STM32/bin/../lib/gcc/arm-none-eabi/12.3.1/../../../../arm-none-eabi/lib/thumb/v7-m/nofp\libg.a(libc_a-strlen.o)
                0x0800149c                strlen
 .text          0x080014ac       0x2c C:/software/STM32CubeCLT_1.15.1/GNU-tools-for-STM32/bin/../lib/gcc/arm-none-eabi/12.3.1/thumb/v7-m/nofp\libgcc.a(_arm_unorddf2.o)
                0x080014ac                __unorddf2
                0x080014ac                __aeabi_dcmpun
 .text          0x080014d8       0x50 C:/software/STM32CubeCLT_1.15.1/GNU-tools-for-STM32/bin/../lib/gcc/arm-none-eabi/12.3.1/thumb/v7-m/nofp\libgcc.a(_arm_fixdfsi.o)
                0x080014d8                __aeabi_d2iz
                0x080014d8                __fixdfsi
 .text          0x08001528       0x2c C:/software/STM32CubeCLT_1.15.1/GNU-tools-for-STM32/bin/../lib/gcc/arm-none-eabi/12.3.1/thumb/v7-m/nofp\libgcc.a(_arm_unordsf2.o)
                0x08001528                __unordsf2
                0x08001528                __aeabi_fcmpun
 *(.text*)
 .text.ADC_Voltage_Init
                0x08001554       0x24 CMakeFiles/RoboticStm32.elf.dir/Bsp/adc/voltage.c.obj
                0x08001554                ADC_Voltage_Init
 .text.ADC_Voltage_Analog
                0x08001578       0x10 CMakeFiles/RoboticStm32.elf.dir/Bsp/adc/voltage.c.obj
                0x08001578                ADC_Voltage_Analog
 .text.ADC_Voltage_Actual
                0x08001588       0x34 CMakeFiles/RoboticStm32.elf.dir/Bsp/adc/voltage.c.obj
                0x08001588                ADC_Voltage_Actual
 .text.OLED_ShowVoltage
                0x080015bc       0x94 CMakeFiles/RoboticStm32.elf.dir/Bsp/adc/voltage.c.obj
                0x080015bc                OLED_ShowVoltage
 .text.CAN_Init
                0x08001650       0x14 CMakeFiles/RoboticStm32.elf.dir/Bsp/can_fd/can_fd.c.obj
                0x08001650                CAN_Init
 .text.CAN_SendMessage
                0x08001664       0x4c CMakeFiles/RoboticStm32.elf.dir/Bsp/can_fd/can_fd.c.obj
                0x08001664                CAN_SendMessage
 .text.CAN_ReceiveFlag
                0x080016b0       0x18 CMakeFiles/RoboticStm32.elf.dir/Bsp/can_fd/can_fd.c.obj
                0x080016b0                CAN_ReceiveFlag
 .text.CAN_ReceiveMessage
                0x080016c8       0x48 CMakeFiles/RoboticStm32.elf.dir/Bsp/can_fd/can_fd.c.obj
                0x080016c8                CAN_ReceiveMessage
 .text.Encoder_Init
                0x08001710       0x34 CMakeFiles/RoboticStm32.elf.dir/Bsp/encoder/encoder.c.obj
                0x08001710                Encoder_Init
 .text.Encoder_Read_CNT
                0x08001744       0x5c CMakeFiles/RoboticStm32.elf.dir/Bsp/encoder/encoder.c.obj
                0x08001744                Encoder_Read_CNT
 .text.Buzzer_Flash
                0x080017a0       0x2c CMakeFiles/RoboticStm32.elf.dir/Bsp/gpio/beef.c.obj
                0x080017a0                Buzzer_Flash
 .text.Buzzer_ON_Time
                0x080017cc       0x4c CMakeFiles/RoboticStm32.elf.dir/Bsp/gpio/beef.c.obj
                0x080017cc                Buzzer_ON_Time
 .text.Buzzer_LED_OnTime
                0x08001818       0x78 CMakeFiles/RoboticStm32.elf.dir/Bsp/gpio/beef.c.obj
                0x08001818                Buzzer_LED_OnTime
 .text.LED_Flash
                0x08001890       0x30 CMakeFiles/RoboticStm32.elf.dir/Bsp/gpio/led.c.obj
                0x08001890                LED_Flash
 .text.ICM20948_Enable
                0x080018c0       0x14 CMakeFiles/RoboticStm32.elf.dir/Bsp/imu/icm20948.c.obj
 .text.ICM20948_Disable
                0x080018d4       0x14 CMakeFiles/RoboticStm32.elf.dir/Bsp/imu/icm20948.c.obj
 .text.ICM20948_SelectBank
                0x080018e8       0x2c CMakeFiles/RoboticStm32.elf.dir/Bsp/imu/icm20948.c.obj
 .text.ICM20948_WriteMultiple
                0x08001914       0x40 CMakeFiles/RoboticStm32.elf.dir/Bsp/imu/icm20948.c.obj
 .text.ICM20948_WriteByte
                0x08001954       0x30 CMakeFiles/RoboticStm32.elf.dir/Bsp/imu/icm20948.c.obj
 .text.AK09916_WriteByte
                0x08001984       0x30 CMakeFiles/RoboticStm32.elf.dir/Bsp/imu/icm20948.c.obj
 .text.ICM20948_ReadByte
                0x080019b4       0x48 CMakeFiles/RoboticStm32.elf.dir/Bsp/imu/icm20948.c.obj
 .text.AK09916_ReadByte
                0x080019fc       0x32 CMakeFiles/RoboticStm32.elf.dir/Bsp/imu/icm20948.c.obj
 .text.ICM20948_ReadGyro
                0x08001a2e       0x4e CMakeFiles/RoboticStm32.elf.dir/Bsp/imu/icm20948.c.obj
                0x08001a2e                ICM20948_ReadGyro
 .text.ICM20948_GyroCalibration
                0x08001a7c       0xc0 CMakeFiles/RoboticStm32.elf.dir/Bsp/imu/icm20948.c.obj
 .text.ICM20948_Init
                0x08001b3c       0x72 CMakeFiles/RoboticStm32.elf.dir/Bsp/imu/icm20948.c.obj
                0x08001b3c                ICM20948_Init
 .text.ICM20948_ReadAccel
                0x08001bae       0x4e CMakeFiles/RoboticStm32.elf.dir/Bsp/imu/icm20948.c.obj
                0x08001bae                ICM20948_ReadAccel
 *fill*         0x08001bfc        0x4 
 .text.ICM20948_RealData
                0x08001c00       0xb4 CMakeFiles/RoboticStm32.elf.dir/Bsp/imu/icm20948.c.obj
                0x08001c00                ICM20948_RealData
 .text.AK09916_Init
                0x08001cb4       0x4c CMakeFiles/RoboticStm32.elf.dir/Bsp/imu/icm20948.c.obj
                0x08001cb4                AK09916_Init
 .text.AK09916_ReadMag
                0x08001d00       0x68 CMakeFiles/RoboticStm32.elf.dir/Bsp/imu/icm20948.c.obj
                0x08001d00                AK09916_ReadMag
 .text.AK09916_RealData
                0x08001d68       0xc0 CMakeFiles/RoboticStm32.elf.dir/Bsp/imu/icm20948.c.obj
                0x08001d68                AK09916_RealData
 .text.Motor_Init
                0x08001e28       0x50 CMakeFiles/RoboticStm32.elf.dir/Bsp/motor/motor.c.obj
                0x08001e28                Motor_Init
 .text.Motor_DutyToCnt
                0x08001e78       0x50 CMakeFiles/RoboticStm32.elf.dir/Bsp/motor/motor.c.obj
                0x08001e78                Motor_DutyToCnt
 .text.Motor_SetSpeed
                0x08001ec8       0xa0 CMakeFiles/RoboticStm32.elf.dir/Bsp/motor/motor.c.obj
                0x08001ec8                Motor_SetSpeed
 .text.OLED_Pow
                0x08001f68       0x16 CMakeFiles/RoboticStm32.elf.dir/Bsp/oled/oled.c.obj
 *fill*         0x08001f7e        0x2 
 .text.OLED_Write_cmd
                0x08001f80       0x2c CMakeFiles/RoboticStm32.elf.dir/Bsp/oled/oled.c.obj
                0x08001f80                OLED_Write_cmd
 .text.OLED_Write_data
                0x08001fac       0x2c CMakeFiles/RoboticStm32.elf.dir/Bsp/oled/oled.c.obj
                0x08001fac                OLED_Write_data
 .text.OLED_Set_Position
                0x08001fd8       0x22 CMakeFiles/RoboticStm32.elf.dir/Bsp/oled/oled.c.obj
                0x08001fd8                OLED_Set_Position
 *fill*         0x08001ffa        0x2 
 .text.OLED_ShowChar
                0x08001ffc       0x90 CMakeFiles/RoboticStm32.elf.dir/Bsp/oled/oled.c.obj
                0x08001ffc                OLED_ShowChar
 .text.OLED_ShowNum
                0x0800208c       0x90 CMakeFiles/RoboticStm32.elf.dir/Bsp/oled/oled.c.obj
                0x0800208c                OLED_ShowNum
 .text.OLED_ShowStr
                0x0800211c       0x36 CMakeFiles/RoboticStm32.elf.dir/Bsp/oled/oled.c.obj
                0x0800211c                OLED_ShowStr
 .text.OLED_Clear
                0x08002152       0x3a CMakeFiles/RoboticStm32.elf.dir/Bsp/oled/oled.c.obj
                0x08002152                OLED_Clear
 .text.OLED_Init
                0x0800218c       0x28 CMakeFiles/RoboticStm32.elf.dir/Bsp/oled/oled.c.obj
                0x0800218c                OLED_Init
 .text.UART_SendFloat
                0x080021b4       0x50 CMakeFiles/RoboticStm32.elf.dir/Bsp/uart/uart.c.obj
                0x080021b4                UART_SendFloat
 .text.MX_ADC1_Init
                0x08002204       0x5c CMakeFiles/RoboticStm32.elf.dir/Core/Src/adc.c.obj
                0x08002204                MX_ADC1_Init
 .text.HAL_ADC_MspInit
                0x08002260       0x60 CMakeFiles/RoboticStm32.elf.dir/Core/Src/adc.c.obj
                0x08002260                HAL_ADC_MspInit
 .text.MX_CAN_Init
                0x080022c0       0x78 CMakeFiles/RoboticStm32.elf.dir/Core/Src/can.c.obj
                0x080022c0                MX_CAN_Init
 .text.HAL_CAN_MspInit
                0x08002338       0x98 CMakeFiles/RoboticStm32.elf.dir/Core/Src/can.c.obj
                0x08002338                HAL_CAN_MspInit
 .text.MX_DMA_Init
                0x080023d0       0x34 CMakeFiles/RoboticStm32.elf.dir/Core/Src/dma.c.obj
                0x080023d0                MX_DMA_Init
 .text.StartDefaultTask
                0x08002404       0x44 CMakeFiles/RoboticStm32.elf.dir/Core/Src/freertos.c.obj
                0x08002404                StartDefaultTask
 .text.IMU_Task
                0x08002448       0x88 CMakeFiles/RoboticStm32.elf.dir/Core/Src/freertos.c.obj
                0x08002448                IMU_Task
 .text.CAN_Task
                0x080024d0       0xb4 CMakeFiles/RoboticStm32.elf.dir/Core/Src/freertos.c.obj
                0x080024d0                CAN_Task
 .text.PIDTask  0x08002584       0x28 CMakeFiles/RoboticStm32.elf.dir/Core/Src/freertos.c.obj
                0x08002584                PIDTask
 .text.KinematicsTask
                0x080025ac       0x38 CMakeFiles/RoboticStm32.elf.dir/Core/Src/freertos.c.obj
                0x080025ac                KinematicsTask
 .text.HAL_CAN_RxFifo0MsgPendingCallback
                0x080025e4        0x2 CMakeFiles/RoboticStm32.elf.dir/Core/Src/freertos.c.obj
                0x080025e4                HAL_CAN_RxFifo0MsgPendingCallback
 .text.RTOS_Init
                0x080025e6       0x20 CMakeFiles/RoboticStm32.elf.dir/Core/Src/freertos.c.obj
                0x080025e6                RTOS_Init
 *fill*         0x08002606        0x2 
 .text.MX_FREERTOS_Init
                0x08002608       0x94 CMakeFiles/RoboticStm32.elf.dir/Core/Src/freertos.c.obj
                0x08002608                MX_FREERTOS_Init
 .text.MX_GPIO_Init
                0x0800269c       0xf8 CMakeFiles/RoboticStm32.elf.dir/Core/Src/gpio.c.obj
                0x0800269c                MX_GPIO_Init
 .text.MX_I2C2_Init
                0x08002794       0x3c CMakeFiles/RoboticStm32.elf.dir/Core/Src/i2c.c.obj
                0x08002794                MX_I2C2_Init
 .text.HAL_I2C_MspInit
                0x080027d0       0x64 CMakeFiles/RoboticStm32.elf.dir/Core/Src/i2c.c.obj
                0x080027d0                HAL_I2C_MspInit
 .text.HAL_TIM_PeriodElapsedCallback
                0x08002834       0x18 CMakeFiles/RoboticStm32.elf.dir/Core/Src/main.c.obj
                0x08002834                HAL_TIM_PeriodElapsedCallback
 .text.Error_Handler
                0x0800284c        0x4 CMakeFiles/RoboticStm32.elf.dir/Core/Src/main.c.obj
                0x0800284c                Error_Handler
 .text.SystemClock_Config
                0x08002850       0x86 CMakeFiles/RoboticStm32.elf.dir/Core/Src/main.c.obj
                0x08002850                SystemClock_Config
 .text.main     0x080028d6       0x4c CMakeFiles/RoboticStm32.elf.dir/Core/Src/main.c.obj
                0x080028d6                main
 *fill*         0x08002922        0x2 
 .text.MX_SPI2_Init
                0x08002924       0x40 CMakeFiles/RoboticStm32.elf.dir/Core/Src/spi.c.obj
                0x08002924                MX_SPI2_Init
 .text.HAL_SPI_MspInit
                0x08002964       0x78 CMakeFiles/RoboticStm32.elf.dir/Core/Src/spi.c.obj
                0x08002964                HAL_SPI_MspInit
 .text.HAL_MspInit
                0x080029dc       0x54 CMakeFiles/RoboticStm32.elf.dir/Core/Src/stm32f1xx_hal_msp.c.obj
                0x080029dc                HAL_MspInit
 .text.HAL_InitTick
                0x08002a30       0xa0 CMakeFiles/RoboticStm32.elf.dir/Core/Src/stm32f1xx_hal_timebase_tim.c.obj
                0x08002a30                HAL_InitTick
 .text.NMI_Handler
                0x08002ad0        0x2 CMakeFiles/RoboticStm32.elf.dir/Core/Src/stm32f1xx_it.c.obj
                0x08002ad0                NMI_Handler
 .text.HardFault_Handler
                0x08002ad2        0x2 CMakeFiles/RoboticStm32.elf.dir/Core/Src/stm32f1xx_it.c.obj
                0x08002ad2                HardFault_Handler
 .text.MemManage_Handler
                0x08002ad4        0x2 CMakeFiles/RoboticStm32.elf.dir/Core/Src/stm32f1xx_it.c.obj
                0x08002ad4                MemManage_Handler
 .text.BusFault_Handler
                0x08002ad6        0x2 CMakeFiles/RoboticStm32.elf.dir/Core/Src/stm32f1xx_it.c.obj
                0x08002ad6                BusFault_Handler
 .text.UsageFault_Handler
                0x08002ad8        0x2 CMakeFiles/RoboticStm32.elf.dir/Core/Src/stm32f1xx_it.c.obj
                0x08002ad8                UsageFault_Handler
 .text.DebugMon_Handler
                0x08002ada        0x2 CMakeFiles/RoboticStm32.elf.dir/Core/Src/stm32f1xx_it.c.obj
                0x08002ada                DebugMon_Handler
 .text.DMA1_Channel4_IRQHandler
                0x08002adc       0x10 CMakeFiles/RoboticStm32.elf.dir/Core/Src/stm32f1xx_it.c.obj
                0x08002adc                DMA1_Channel4_IRQHandler
 .text.USB_LP_CAN1_RX0_IRQHandler
                0x08002aec       0x10 CMakeFiles/RoboticStm32.elf.dir/Core/Src/stm32f1xx_it.c.obj
                0x08002aec                USB_LP_CAN1_RX0_IRQHandler
 .text.TIM6_IRQHandler
                0x08002afc       0x10 CMakeFiles/RoboticStm32.elf.dir/Core/Src/stm32f1xx_it.c.obj
                0x08002afc                TIM6_IRQHandler
 .text._getpid  0x08002b0c        0x4 CMakeFiles/RoboticStm32.elf.dir/Core/Src/syscalls.c.obj
                0x08002b0c                _getpid
 .text._kill    0x08002b10       0x10 CMakeFiles/RoboticStm32.elf.dir/Core/Src/syscalls.c.obj
                0x08002b10                _kill
 .text._exit    0x08002b20        0xc CMakeFiles/RoboticStm32.elf.dir/Core/Src/syscalls.c.obj
                0x08002b20                _exit
 .text._read    0x08002b2c       0x20 CMakeFiles/RoboticStm32.elf.dir/Core/Src/syscalls.c.obj
                0x08002b2c                _read
 .text._write   0x08002b4c       0x1c CMakeFiles/RoboticStm32.elf.dir/Core/Src/syscalls.c.obj
                0x08002b4c                _write
 .text._close   0x08002b68        0x6 CMakeFiles/RoboticStm32.elf.dir/Core/Src/syscalls.c.obj
                0x08002b68                _close
 .text._fstat   0x08002b6e        0xa CMakeFiles/RoboticStm32.elf.dir/Core/Src/syscalls.c.obj
                0x08002b6e                _fstat
 .text._isatty  0x08002b78        0x4 CMakeFiles/RoboticStm32.elf.dir/Core/Src/syscalls.c.obj
                0x08002b78                _isatty
 .text._lseek   0x08002b7c        0x4 CMakeFiles/RoboticStm32.elf.dir/Core/Src/syscalls.c.obj
                0x08002b7c                _lseek
 .text._sbrk    0x08002b80       0x48 CMakeFiles/RoboticStm32.elf.dir/Core/Src/sysmem.c.obj
                0x08002b80                _sbrk
 .text.SystemInit
                0x08002bc8        0x2 CMakeFiles/RoboticStm32.elf.dir/Core/Src/system_stm32f1xx.c.obj
                0x08002bc8                SystemInit
 *fill*         0x08002bca        0x2 
 .text.MX_TIM2_Init
                0x08002bcc       0x6c CMakeFiles/RoboticStm32.elf.dir/Core/Src/tim.c.obj
                0x08002bcc                MX_TIM2_Init
 .text.MX_TIM3_Init
                0x08002c38       0x6c CMakeFiles/RoboticStm32.elf.dir/Core/Src/tim.c.obj
                0x08002c38                MX_TIM3_Init
 .text.MX_TIM4_Init
                0x08002ca4       0x70 CMakeFiles/RoboticStm32.elf.dir/Core/Src/tim.c.obj
                0x08002ca4                MX_TIM4_Init
 .text.MX_TIM5_Init
                0x08002d14       0x70 CMakeFiles/RoboticStm32.elf.dir/Core/Src/tim.c.obj
                0x08002d14                MX_TIM5_Init
 .text.HAL_TIM_Base_MspInit
                0x08002d84       0x4c CMakeFiles/RoboticStm32.elf.dir/Core/Src/tim.c.obj
                0x08002d84                HAL_TIM_Base_MspInit
 .text.HAL_TIM_Encoder_MspInit
                0x08002dd0      0x154 CMakeFiles/RoboticStm32.elf.dir/Core/Src/tim.c.obj
                0x08002dd0                HAL_TIM_Encoder_MspInit
 .text.HAL_TIM_MspPostInit
                0x08002f24       0xc4 CMakeFiles/RoboticStm32.elf.dir/Core/Src/tim.c.obj
                0x08002f24                HAL_TIM_MspPostInit
 .text.MX_TIM1_Init
                0x08002fe8      0x120 CMakeFiles/RoboticStm32.elf.dir/Core/Src/tim.c.obj
                0x08002fe8                MX_TIM1_Init
 .text.MX_TIM8_Init
                0x08003108      0x120 CMakeFiles/RoboticStm32.elf.dir/Core/Src/tim.c.obj
                0x08003108                MX_TIM8_Init
 .text.MX_USART1_UART_Init
                0x08003228       0x34 CMakeFiles/RoboticStm32.elf.dir/Core/Src/usart.c.obj
                0x08003228                MX_USART1_UART_Init
 .text.HAL_UART_MspInit
                0x0800325c       0xac CMakeFiles/RoboticStm32.elf.dir/Core/Src/usart.c.obj
                0x0800325c                HAL_UART_MspInit
 .text.Reset_Handler
                0x08003308       0x48 CMakeFiles/RoboticStm32.elf.dir/Core/Startup/startup_stm32f103rctx.s.obj
                0x08003308                Reset_Handler
 .text.Default_Handler
                0x08003350        0x2 CMakeFiles/RoboticStm32.elf.dir/Core/Startup/startup_stm32f103rctx.s.obj
                0x08003350                RTC_Alarm_IRQHandler
                0x08003350                EXTI2_IRQHandler
                0x08003350                TIM8_TRG_COM_IRQHandler
                0x08003350                TIM8_CC_IRQHandler
                0x08003350                TIM1_CC_IRQHandler
                0x08003350                PVD_IRQHandler
                0x08003350                SDIO_IRQHandler
                0x08003350                EXTI3_IRQHandler
                0x08003350                EXTI0_IRQHandler
                0x08003350                I2C2_EV_IRQHandler
                0x08003350                ADC1_2_IRQHandler
                0x08003350                SPI1_IRQHandler
                0x08003350                TAMPER_IRQHandler
                0x08003350                TIM8_UP_IRQHandler
                0x08003350                DMA2_Channel2_IRQHandler
                0x08003350                USART3_IRQHandler
                0x08003350                RTC_IRQHandler
                0x08003350                DMA1_Channel7_IRQHandler
                0x08003350                CAN1_RX1_IRQHandler
                0x08003350                UART5_IRQHandler
                0x08003350                ADC3_IRQHandler
                0x08003350                TIM4_IRQHandler
                0x08003350                DMA2_Channel1_IRQHandler
                0x08003350                I2C1_EV_IRQHandler
                0x08003350                DMA1_Channel6_IRQHandler
                0x08003350                UART4_IRQHandler
                0x08003350                TIM3_IRQHandler
                0x08003350                RCC_IRQHandler
                0x08003350                TIM1_TRG_COM_IRQHandler
                0x08003350                DMA1_Channel1_IRQHandler
                0x08003350                Default_Handler
                0x08003350                EXTI15_10_IRQHandler
                0x08003350                TIM7_IRQHandler
                0x08003350                TIM5_IRQHandler
                0x08003350                EXTI9_5_IRQHandler
                0x08003350                SPI2_IRQHandler
                0x08003350                DMA1_Channel5_IRQHandler
                0x08003350                EXTI4_IRQHandler
                0x08003350                USB_HP_CAN1_TX_IRQHandler
                0x08003350                DMA1_Channel3_IRQHandler
                0x08003350                FSMC_IRQHandler
                0x08003350                TIM1_UP_IRQHandler
                0x08003350                WWDG_IRQHandler
                0x08003350                TIM2_IRQHandler
                0x08003350                TIM1_BRK_IRQHandler
                0x08003350                EXTI1_IRQHandler
                0x08003350                DMA2_Channel4_5_IRQHandler
                0x08003350                USART2_IRQHandler
                0x08003350                I2C2_ER_IRQHandler
                0x08003350                DMA1_Channel2_IRQHandler
                0x08003350                TIM8_BRK_IRQHandler
                0x08003350                CAN1_SCE_IRQHandler
                0x08003350                FLASH_IRQHandler
                0x08003350                USART1_IRQHandler
                0x08003350                SPI3_IRQHandler
                0x08003350                I2C1_ER_IRQHandler
                0x08003350                USBWakeUp_IRQHandler
                0x08003350                DMA2_Channel3_IRQHandler
 *fill*         0x08003352        0x2 
 .text.HAL_Init
                0x08003354       0x24 CMakeFiles/RoboticStm32.elf.dir/Drivers/STM32F1xx_HAL_Driver/Src/stm32f1xx_hal.c.obj
                0x08003354                HAL_Init
 .text.HAL_IncTick
                0x08003378       0x18 CMakeFiles/RoboticStm32.elf.dir/Drivers/STM32F1xx_HAL_Driver/Src/stm32f1xx_hal.c.obj
                0x08003378                HAL_IncTick
 .text.HAL_GetTick
                0x08003390        0xc CMakeFiles/RoboticStm32.elf.dir/Drivers/STM32F1xx_HAL_Driver/Src/stm32f1xx_hal.c.obj
                0x08003390                HAL_GetTick
 .text.HAL_ADC_PollForConversion
                0x0800339c      0x184 CMakeFiles/RoboticStm32.elf.dir/Drivers/STM32F1xx_HAL_Driver/Src/stm32f1xx_hal_adc.c.obj
                0x0800339c                HAL_ADC_PollForConversion
 .text.HAL_ADC_GetValue
                0x08003520        0x6 CMakeFiles/RoboticStm32.elf.dir/Drivers/STM32F1xx_HAL_Driver/Src/stm32f1xx_hal_adc.c.obj
                0x08003520                HAL_ADC_GetValue
 *fill*         0x08003526        0x2 
 .text.HAL_ADC_ConfigChannel
                0x08003528      0x140 CMakeFiles/RoboticStm32.elf.dir/Drivers/STM32F1xx_HAL_Driver/Src/stm32f1xx_hal_adc.c.obj
                0x08003528                HAL_ADC_ConfigChannel
 .text.ADC_Enable
                0x08003668       0x88 CMakeFiles/RoboticStm32.elf.dir/Drivers/STM32F1xx_HAL_Driver/Src/stm32f1xx_hal_adc.c.obj
                0x08003668                ADC_Enable
 .text.HAL_ADC_Start
                0x080036f0       0xe8 CMakeFiles/RoboticStm32.elf.dir/Drivers/STM32F1xx_HAL_Driver/Src/stm32f1xx_hal_adc.c.obj
                0x080036f0                HAL_ADC_Start
 .text.ADC_ConversionStop_Disable
                0x080037d8       0x56 CMakeFiles/RoboticStm32.elf.dir/Drivers/STM32F1xx_HAL_Driver/Src/stm32f1xx_hal_adc.c.obj
                0x080037d8                ADC_ConversionStop_Disable
 *fill*         0x0800382e        0x2 
 .text.HAL_ADC_Init
                0x08003830      0x128 CMakeFiles/RoboticStm32.elf.dir/Drivers/STM32F1xx_HAL_Driver/Src/stm32f1xx_hal_adc.c.obj
                0x08003830                HAL_ADC_Init
 .text.HAL_ADCEx_Calibration_Start
                0x08003958      0x100 CMakeFiles/RoboticStm32.elf.dir/Drivers/STM32F1xx_HAL_Driver/Src/stm32f1xx_hal_adc_ex.c.obj
                0x08003958                HAL_ADCEx_Calibration_Start
 .text.HAL_CAN_Init
                0x08003a58      0x14c CMakeFiles/RoboticStm32.elf.dir/Drivers/STM32F1xx_HAL_Driver/Src/stm32f1xx_hal_can.c.obj
                0x08003a58                HAL_CAN_Init
 .text.HAL_CAN_ConfigFilter
                0x08003ba4      0x10c CMakeFiles/RoboticStm32.elf.dir/Drivers/STM32F1xx_HAL_Driver/Src/stm32f1xx_hal_can.c.obj
                0x08003ba4                HAL_CAN_ConfigFilter
 .text.HAL_CAN_Start
                0x08003cb0       0x5c CMakeFiles/RoboticStm32.elf.dir/Drivers/STM32F1xx_HAL_Driver/Src/stm32f1xx_hal_can.c.obj
                0x08003cb0                HAL_CAN_Start
 .text.HAL_CAN_AddTxMessage
                0x08003d0c       0xea CMakeFiles/RoboticStm32.elf.dir/Drivers/STM32F1xx_HAL_Driver/Src/stm32f1xx_hal_can.c.obj
                0x08003d0c                HAL_CAN_AddTxMessage
 .text.HAL_CAN_GetRxMessage
                0x08003df6      0x16a CMakeFiles/RoboticStm32.elf.dir/Drivers/STM32F1xx_HAL_Driver/Src/stm32f1xx_hal_can.c.obj
                0x08003df6                HAL_CAN_GetRxMessage
 .text.HAL_CAN_GetRxFifoFillLevel
                0x08003f60       0x26 CMakeFiles/RoboticStm32.elf.dir/Drivers/STM32F1xx_HAL_Driver/Src/stm32f1xx_hal_can.c.obj
                0x08003f60                HAL_CAN_GetRxFifoFillLevel
 .text.HAL_CAN_TxMailbox0CompleteCallback
                0x08003f86        0x2 CMakeFiles/RoboticStm32.elf.dir/Drivers/STM32F1xx_HAL_Driver/Src/stm32f1xx_hal_can.c.obj
                0x08003f86                HAL_CAN_TxMailbox0CompleteCallback
 .text.HAL_CAN_TxMailbox1CompleteCallback
                0x08003f88        0x2 CMakeFiles/RoboticStm32.elf.dir/Drivers/STM32F1xx_HAL_Driver/Src/stm32f1xx_hal_can.c.obj
                0x08003f88                HAL_CAN_TxMailbox1CompleteCallback
 .text.HAL_CAN_TxMailbox2CompleteCallback
                0x08003f8a        0x2 CMakeFiles/RoboticStm32.elf.dir/Drivers/STM32F1xx_HAL_Driver/Src/stm32f1xx_hal_can.c.obj
                0x08003f8a                HAL_CAN_TxMailbox2CompleteCallback
 .text.HAL_CAN_TxMailbox0AbortCallback
                0x08003f8c        0x2 CMakeFiles/RoboticStm32.elf.dir/Drivers/STM32F1xx_HAL_Driver/Src/stm32f1xx_hal_can.c.obj
                0x08003f8c                HAL_CAN_TxMailbox0AbortCallback
 .text.HAL_CAN_TxMailbox1AbortCallback
                0x08003f8e        0x2 CMakeFiles/RoboticStm32.elf.dir/Drivers/STM32F1xx_HAL_Driver/Src/stm32f1xx_hal_can.c.obj
                0x08003f8e                HAL_CAN_TxMailbox1AbortCallback
 .text.HAL_CAN_TxMailbox2AbortCallback
                0x08003f90        0x2 CMakeFiles/RoboticStm32.elf.dir/Drivers/STM32F1xx_HAL_Driver/Src/stm32f1xx_hal_can.c.obj
                0x08003f90                HAL_CAN_TxMailbox2AbortCallback
 .text.HAL_CAN_RxFifo0FullCallback
                0x08003f92        0x2 CMakeFiles/RoboticStm32.elf.dir/Drivers/STM32F1xx_HAL_Driver/Src/stm32f1xx_hal_can.c.obj
                0x08003f92                HAL_CAN_RxFifo0FullCallback
 .text.HAL_CAN_RxFifo1MsgPendingCallback
                0x08003f94        0x2 CMakeFiles/RoboticStm32.elf.dir/Drivers/STM32F1xx_HAL_Driver/Src/stm32f1xx_hal_can.c.obj
                0x08003f94                HAL_CAN_RxFifo1MsgPendingCallback
 .text.HAL_CAN_RxFifo1FullCallback
                0x08003f96        0x2 CMakeFiles/RoboticStm32.elf.dir/Drivers/STM32F1xx_HAL_Driver/Src/stm32f1xx_hal_can.c.obj
                0x08003f96                HAL_CAN_RxFifo1FullCallback
 .text.HAL_CAN_SleepCallback
                0x08003f98        0x2 CMakeFiles/RoboticStm32.elf.dir/Drivers/STM32F1xx_HAL_Driver/Src/stm32f1xx_hal_can.c.obj
                0x08003f98                HAL_CAN_SleepCallback
 .text.HAL_CAN_WakeUpFromRxMsgCallback
                0x08003f9a        0x2 CMakeFiles/RoboticStm32.elf.dir/Drivers/STM32F1xx_HAL_Driver/Src/stm32f1xx_hal_can.c.obj
                0x08003f9a                HAL_CAN_WakeUpFromRxMsgCallback
 .text.HAL_CAN_ErrorCallback
                0x08003f9c        0x2 CMakeFiles/RoboticStm32.elf.dir/Drivers/STM32F1xx_HAL_Driver/Src/stm32f1xx_hal_can.c.obj
                0x08003f9c                HAL_CAN_ErrorCallback
 .text.HAL_CAN_IRQHandler
                0x08003f9e      0x24a CMakeFiles/RoboticStm32.elf.dir/Drivers/STM32F1xx_HAL_Driver/Src/stm32f1xx_hal_can.c.obj
                0x08003f9e                HAL_CAN_IRQHandler
 .text.__NVIC_SetPriority
                0x080041e8       0x28 CMakeFiles/RoboticStm32.elf.dir/Drivers/STM32F1xx_HAL_Driver/Src/stm32f1xx_hal_cortex.c.obj
 .text.NVIC_EncodePriority
                0x08004210       0x3e CMakeFiles/RoboticStm32.elf.dir/Drivers/STM32F1xx_HAL_Driver/Src/stm32f1xx_hal_cortex.c.obj
 *fill*         0x0800424e        0x2 
 .text.HAL_NVIC_SetPriorityGrouping
                0x08004250       0x24 CMakeFiles/RoboticStm32.elf.dir/Drivers/STM32F1xx_HAL_Driver/Src/stm32f1xx_hal_cortex.c.obj
                0x08004250                HAL_NVIC_SetPriorityGrouping
 .text.HAL_NVIC_SetPriority
                0x08004274       0x20 CMakeFiles/RoboticStm32.elf.dir/Drivers/STM32F1xx_HAL_Driver/Src/stm32f1xx_hal_cortex.c.obj
                0x08004274                HAL_NVIC_SetPriority
 .text.HAL_NVIC_EnableIRQ
                0x08004294       0x1c CMakeFiles/RoboticStm32.elf.dir/Drivers/STM32F1xx_HAL_Driver/Src/stm32f1xx_hal_cortex.c.obj
                0x08004294                HAL_NVIC_EnableIRQ
 .text.HAL_DMA_Init
                0x080042b0       0x98 CMakeFiles/RoboticStm32.elf.dir/Drivers/STM32F1xx_HAL_Driver/Src/stm32f1xx_hal_dma.c.obj
                0x080042b0                HAL_DMA_Init
 .text.HAL_DMA_IRQHandler
                0x08004348      0x2ec CMakeFiles/RoboticStm32.elf.dir/Drivers/STM32F1xx_HAL_Driver/Src/stm32f1xx_hal_dma.c.obj
                0x08004348                HAL_DMA_IRQHandler
 .text.HAL_GPIO_Init
                0x08004634      0x238 CMakeFiles/RoboticStm32.elf.dir/Drivers/STM32F1xx_HAL_Driver/Src/stm32f1xx_hal_gpio.c.obj
                0x08004634                HAL_GPIO_Init
 .text.HAL_GPIO_ReadPin
                0x0800486c        0xe CMakeFiles/RoboticStm32.elf.dir/Drivers/STM32F1xx_HAL_Driver/Src/stm32f1xx_hal_gpio.c.obj
                0x0800486c                HAL_GPIO_ReadPin
 .text.HAL_GPIO_WritePin
                0x0800487a        0xc CMakeFiles/RoboticStm32.elf.dir/Drivers/STM32F1xx_HAL_Driver/Src/stm32f1xx_hal_gpio.c.obj
                0x0800487a                HAL_GPIO_WritePin
 .text.I2C_IsAcknowledgeFailed
                0x08004886       0x32 CMakeFiles/RoboticStm32.elf.dir/Drivers/STM32F1xx_HAL_Driver/Src/stm32f1xx_hal_i2c.c.obj
 .text.I2C_WaitOnFlagUntilTimeout
                0x080048b8       0xaa CMakeFiles/RoboticStm32.elf.dir/Drivers/STM32F1xx_HAL_Driver/Src/stm32f1xx_hal_i2c.c.obj
 .text.I2C_WaitOnMasterAddressFlagUntilTimeout
                0x08004962       0xd6 CMakeFiles/RoboticStm32.elf.dir/Drivers/STM32F1xx_HAL_Driver/Src/stm32f1xx_hal_i2c.c.obj
 .text.I2C_WaitOnTXEFlagUntilTimeout
                0x08004a38       0x5e CMakeFiles/RoboticStm32.elf.dir/Drivers/STM32F1xx_HAL_Driver/Src/stm32f1xx_hal_i2c.c.obj
 *fill*         0x08004a96        0x2 
 .text.I2C_RequestMemoryWrite
                0x08004a98       0xd8 CMakeFiles/RoboticStm32.elf.dir/Drivers/STM32F1xx_HAL_Driver/Src/stm32f1xx_hal_i2c.c.obj
 .text.I2C_WaitOnBTFFlagUntilTimeout
                0x08004b70       0x5e CMakeFiles/RoboticStm32.elf.dir/Drivers/STM32F1xx_HAL_Driver/Src/stm32f1xx_hal_i2c.c.obj
 *fill*         0x08004bce        0x2 
 .text.HAL_I2C_Init
                0x08004bd0      0x1bc CMakeFiles/RoboticStm32.elf.dir/Drivers/STM32F1xx_HAL_Driver/Src/stm32f1xx_hal_i2c.c.obj
                0x08004bd0                HAL_I2C_Init
 .text.HAL_I2C_Mem_Write
                0x08004d8c      0x164 CMakeFiles/RoboticStm32.elf.dir/Drivers/STM32F1xx_HAL_Driver/Src/stm32f1xx_hal_i2c.c.obj
                0x08004d8c                HAL_I2C_Mem_Write
 .text.RCC_Delay
                0x08004ef0       0x2c CMakeFiles/RoboticStm32.elf.dir/Drivers/STM32F1xx_HAL_Driver/Src/stm32f1xx_hal_rcc.c.obj
 .text.HAL_RCC_OscConfig
                0x08004f1c      0x410 CMakeFiles/RoboticStm32.elf.dir/Drivers/STM32F1xx_HAL_Driver/Src/stm32f1xx_hal_rcc.c.obj
                0x08004f1c                HAL_RCC_OscConfig
 .text.HAL_RCC_GetSysClockFreq
                0x0800532c       0x54 CMakeFiles/RoboticStm32.elf.dir/Drivers/STM32F1xx_HAL_Driver/Src/stm32f1xx_hal_rcc.c.obj
                0x0800532c                HAL_RCC_GetSysClockFreq
 .text.HAL_RCC_ClockConfig
                0x08005380      0x16c CMakeFiles/RoboticStm32.elf.dir/Drivers/STM32F1xx_HAL_Driver/Src/stm32f1xx_hal_rcc.c.obj
                0x08005380                HAL_RCC_ClockConfig
 .text.HAL_RCC_GetHCLKFreq
                0x080054ec        0xc CMakeFiles/RoboticStm32.elf.dir/Drivers/STM32F1xx_HAL_Driver/Src/stm32f1xx_hal_rcc.c.obj
                0x080054ec                HAL_RCC_GetHCLKFreq
 .text.HAL_RCC_GetPCLK1Freq
                0x080054f8       0x20 CMakeFiles/RoboticStm32.elf.dir/Drivers/STM32F1xx_HAL_Driver/Src/stm32f1xx_hal_rcc.c.obj
                0x080054f8                HAL_RCC_GetPCLK1Freq
 .text.HAL_RCC_GetPCLK2Freq
                0x08005518       0x20 CMakeFiles/RoboticStm32.elf.dir/Drivers/STM32F1xx_HAL_Driver/Src/stm32f1xx_hal_rcc.c.obj
                0x08005518                HAL_RCC_GetPCLK2Freq
 .text.HAL_RCC_GetClockConfig
                0x08005538       0x3c CMakeFiles/RoboticStm32.elf.dir/Drivers/STM32F1xx_HAL_Driver/Src/stm32f1xx_hal_rcc.c.obj
                0x08005538                HAL_RCC_GetClockConfig
 .text.HAL_RCCEx_PeriphCLKConfig
                0x08005574      0x118 CMakeFiles/RoboticStm32.elf.dir/Drivers/STM32F1xx_HAL_Driver/Src/stm32f1xx_hal_rcc_ex.c.obj
                0x08005574                HAL_RCCEx_PeriphCLKConfig
 .text.HAL_RCCEx_GetPeriphCLKFreq
                0x0800568c       0xf4 CMakeFiles/RoboticStm32.elf.dir/Drivers/STM32F1xx_HAL_Driver/Src/stm32f1xx_hal_rcc_ex.c.obj
                0x0800568c                HAL_RCCEx_GetPeriphCLKFreq
 .text.SPI_WaitFlagStateUntilTimeout
                0x08005780       0xc8 CMakeFiles/RoboticStm32.elf.dir/Drivers/STM32F1xx_HAL_Driver/Src/stm32f1xx_hal_spi.c.obj
 .text.SPI_EndRxTxTransaction
                0x08005848       0x24 CMakeFiles/RoboticStm32.elf.dir/Drivers/STM32F1xx_HAL_Driver/Src/stm32f1xx_hal_spi.c.obj
 .text.SPI_EndRxTransaction
                0x0800586c       0x74 CMakeFiles/RoboticStm32.elf.dir/Drivers/STM32F1xx_HAL_Driver/Src/stm32f1xx_hal_spi.c.obj
 .text.HAL_SPI_Init
                0x080058e0       0xb6 CMakeFiles/RoboticStm32.elf.dir/Drivers/STM32F1xx_HAL_Driver/Src/stm32f1xx_hal_spi.c.obj
                0x080058e0                HAL_SPI_Init
 .text.HAL_SPI_Transmit
                0x08005996      0x1b8 CMakeFiles/RoboticStm32.elf.dir/Drivers/STM32F1xx_HAL_Driver/Src/stm32f1xx_hal_spi.c.obj
                0x08005996                HAL_SPI_Transmit
 .text.HAL_SPI_TransmitReceive
                0x08005b4e      0x244 CMakeFiles/RoboticStm32.elf.dir/Drivers/STM32F1xx_HAL_Driver/Src/stm32f1xx_hal_spi.c.obj
                0x08005b4e                HAL_SPI_TransmitReceive
 .text.HAL_SPI_Receive
                0x08005d92      0x17e CMakeFiles/RoboticStm32.elf.dir/Drivers/STM32F1xx_HAL_Driver/Src/stm32f1xx_hal_spi.c.obj
                0x08005d92                HAL_SPI_Receive
 .text.TIM_OC1_SetConfig
                0x08005f10       0x70 CMakeFiles/RoboticStm32.elf.dir/Drivers/STM32F1xx_HAL_Driver/Src/stm32f1xx_hal_tim.c.obj
 .text.TIM_OC3_SetConfig
                0x08005f80       0x70 CMakeFiles/RoboticStm32.elf.dir/Drivers/STM32F1xx_HAL_Driver/Src/stm32f1xx_hal_tim.c.obj
 .text.TIM_OC4_SetConfig
                0x08005ff0       0x50 CMakeFiles/RoboticStm32.elf.dir/Drivers/STM32F1xx_HAL_Driver/Src/stm32f1xx_hal_tim.c.obj
 .text.TIM_TI1_ConfigInputStage
                0x08006040       0x24 CMakeFiles/RoboticStm32.elf.dir/Drivers/STM32F1xx_HAL_Driver/Src/stm32f1xx_hal_tim.c.obj
 .text.TIM_TI2_ConfigInputStage
                0x08006064       0x26 CMakeFiles/RoboticStm32.elf.dir/Drivers/STM32F1xx_HAL_Driver/Src/stm32f1xx_hal_tim.c.obj
 .text.TIM_ITRx_SetConfig
                0x0800608a       0x10 CMakeFiles/RoboticStm32.elf.dir/Drivers/STM32F1xx_HAL_Driver/Src/stm32f1xx_hal_tim.c.obj
 *fill*         0x0800609a        0x2 
 .text.HAL_TIM_Base_Start_IT
                0x0800609c       0x78 CMakeFiles/RoboticStm32.elf.dir/Drivers/STM32F1xx_HAL_Driver/Src/stm32f1xx_hal_tim.c.obj
                0x0800609c                HAL_TIM_Base_Start_IT
 .text.HAL_TIM_PWM_MspInit
                0x08006114        0x2 CMakeFiles/RoboticStm32.elf.dir/Drivers/STM32F1xx_HAL_Driver/Src/stm32f1xx_hal_tim.c.obj
                0x08006114                HAL_TIM_PWM_MspInit
 .text.HAL_TIM_OC_DelayElapsedCallback
                0x08006116        0x2 CMakeFiles/RoboticStm32.elf.dir/Drivers/STM32F1xx_HAL_Driver/Src/stm32f1xx_hal_tim.c.obj
                0x08006116                HAL_TIM_OC_DelayElapsedCallback
 .text.HAL_TIM_IC_CaptureCallback
                0x08006118        0x2 CMakeFiles/RoboticStm32.elf.dir/Drivers/STM32F1xx_HAL_Driver/Src/stm32f1xx_hal_tim.c.obj
                0x08006118                HAL_TIM_IC_CaptureCallback
 .text.HAL_TIM_PWM_PulseFinishedCallback
                0x0800611a        0x2 CMakeFiles/RoboticStm32.elf.dir/Drivers/STM32F1xx_HAL_Driver/Src/stm32f1xx_hal_tim.c.obj
                0x0800611a                HAL_TIM_PWM_PulseFinishedCallback
 .text.HAL_TIM_TriggerCallback
                0x0800611c        0x2 CMakeFiles/RoboticStm32.elf.dir/Drivers/STM32F1xx_HAL_Driver/Src/stm32f1xx_hal_tim.c.obj
                0x0800611c                HAL_TIM_TriggerCallback
 .text.HAL_TIM_IRQHandler
                0x0800611e      0x17a CMakeFiles/RoboticStm32.elf.dir/Drivers/STM32F1xx_HAL_Driver/Src/stm32f1xx_hal_tim.c.obj
                0x0800611e                HAL_TIM_IRQHandler
 .text.TIM_Base_SetConfig
                0x08006298       0x98 CMakeFiles/RoboticStm32.elf.dir/Drivers/STM32F1xx_HAL_Driver/Src/stm32f1xx_hal_tim.c.obj
                0x08006298                TIM_Base_SetConfig
 .text.HAL_TIM_Base_Init
                0x08006330       0x58 CMakeFiles/RoboticStm32.elf.dir/Drivers/STM32F1xx_HAL_Driver/Src/stm32f1xx_hal_tim.c.obj
                0x08006330                HAL_TIM_Base_Init
 .text.HAL_TIM_PWM_Init
                0x08006388       0x58 CMakeFiles/RoboticStm32.elf.dir/Drivers/STM32F1xx_HAL_Driver/Src/stm32f1xx_hal_tim.c.obj
                0x08006388                HAL_TIM_PWM_Init
 .text.HAL_TIM_Encoder_Init
                0x080063e0       0xb6 CMakeFiles/RoboticStm32.elf.dir/Drivers/STM32F1xx_HAL_Driver/Src/stm32f1xx_hal_tim.c.obj
                0x080063e0                HAL_TIM_Encoder_Init
 *fill*         0x08006496        0x2 
 .text.TIM_OC2_SetConfig
                0x08006498       0x70 CMakeFiles/RoboticStm32.elf.dir/Drivers/STM32F1xx_HAL_Driver/Src/stm32f1xx_hal_tim.c.obj
                0x08006498                TIM_OC2_SetConfig
 .text.HAL_TIM_PWM_ConfigChannel
                0x08006508       0xdc CMakeFiles/RoboticStm32.elf.dir/Drivers/STM32F1xx_HAL_Driver/Src/stm32f1xx_hal_tim.c.obj
                0x08006508                HAL_TIM_PWM_ConfigChannel
 .text.TIM_ETR_SetConfig
                0x080065e4       0x18 CMakeFiles/RoboticStm32.elf.dir/Drivers/STM32F1xx_HAL_Driver/Src/stm32f1xx_hal_tim.c.obj
                0x080065e4                TIM_ETR_SetConfig
 .text.HAL_TIM_ConfigClockSource
                0x080065fc       0xfe CMakeFiles/RoboticStm32.elf.dir/Drivers/STM32F1xx_HAL_Driver/Src/stm32f1xx_hal_tim.c.obj
                0x080065fc                HAL_TIM_ConfigClockSource
 .text.TIM_CCxChannelCmd
                0x080066fa       0x1e CMakeFiles/RoboticStm32.elf.dir/Drivers/STM32F1xx_HAL_Driver/Src/stm32f1xx_hal_tim.c.obj
                0x080066fa                TIM_CCxChannelCmd
 .text.HAL_TIM_PWM_Start
                0x08006718       0xf4 CMakeFiles/RoboticStm32.elf.dir/Drivers/STM32F1xx_HAL_Driver/Src/stm32f1xx_hal_tim.c.obj
                0x08006718                HAL_TIM_PWM_Start
 .text.HAL_TIM_Encoder_Start
                0x0800680c       0xcc CMakeFiles/RoboticStm32.elf.dir/Drivers/STM32F1xx_HAL_Driver/Src/stm32f1xx_hal_tim.c.obj
                0x0800680c                HAL_TIM_Encoder_Start
 .text.TIM_CCxNChannelCmd
                0x080068d8       0x1e CMakeFiles/RoboticStm32.elf.dir/Drivers/STM32F1xx_HAL_Driver/Src/stm32f1xx_hal_tim_ex.c.obj
 *fill*         0x080068f6        0x2 
 .text.HAL_TIMEx_PWMN_Start
                0x080068f8       0xe8 CMakeFiles/RoboticStm32.elf.dir/Drivers/STM32F1xx_HAL_Driver/Src/stm32f1xx_hal_tim_ex.c.obj
                0x080068f8                HAL_TIMEx_PWMN_Start
 .text.HAL_TIMEx_MasterConfigSynchronization
                0x080069e0       0x7c CMakeFiles/RoboticStm32.elf.dir/Drivers/STM32F1xx_HAL_Driver/Src/stm32f1xx_hal_tim_ex.c.obj
                0x080069e0                HAL_TIMEx_MasterConfigSynchronization
 .text.HAL_TIMEx_ConfigBreakDeadTime
                0x08006a5c       0x52 CMakeFiles/RoboticStm32.elf.dir/Drivers/STM32F1xx_HAL_Driver/Src/stm32f1xx_hal_tim_ex.c.obj
                0x08006a5c                HAL_TIMEx_ConfigBreakDeadTime
 .text.HAL_TIMEx_CommutCallback
                0x08006aae        0x2 CMakeFiles/RoboticStm32.elf.dir/Drivers/STM32F1xx_HAL_Driver/Src/stm32f1xx_hal_tim_ex.c.obj
                0x08006aae                HAL_TIMEx_CommutCallback
 .text.HAL_TIMEx_BreakCallback
                0x08006ab0        0x2 CMakeFiles/RoboticStm32.elf.dir/Drivers/STM32F1xx_HAL_Driver/Src/stm32f1xx_hal_tim_ex.c.obj
                0x08006ab0                HAL_TIMEx_BreakCallback
 *fill*         0x08006ab2        0x2 
 .text.UART_SetConfig
                0x08006ab4       0x94 CMakeFiles/RoboticStm32.elf.dir/Drivers/STM32F1xx_HAL_Driver/Src/stm32f1xx_hal_uart.c.obj
 .text.UART_WaitOnFlagUntilTimeout
                0x08006b48       0x84 CMakeFiles/RoboticStm32.elf.dir/Drivers/STM32F1xx_HAL_Driver/Src/stm32f1xx_hal_uart.c.obj
 .text.HAL_UART_Init
                0x08006bcc       0x60 CMakeFiles/RoboticStm32.elf.dir/Drivers/STM32F1xx_HAL_Driver/Src/stm32f1xx_hal_uart.c.obj
                0x08006bcc                HAL_UART_Init
 .text.HAL_UART_Transmit
                0x08006c2c       0xbe CMakeFiles/RoboticStm32.elf.dir/Drivers/STM32F1xx_HAL_Driver/Src/stm32f1xx_hal_uart.c.obj
                0x08006c2c                HAL_UART_Transmit
 *fill*         0x08006cea        0x2 
 .text.osKernelInitialize
                0x08006cec       0x44 CMakeFiles/RoboticStm32.elf.dir/Middlewares/Third_Party/FreeRTOS/Source/CMSIS_RTOS_V2/cmsis_os2.c.obj
                0x08006cec                osKernelInitialize
 .text.osKernelStart
                0x08006d30       0x4c CMakeFiles/RoboticStm32.elf.dir/Middlewares/Third_Party/FreeRTOS/Source/CMSIS_RTOS_V2/cmsis_os2.c.obj
                0x08006d30                osKernelStart
 .text.osThreadNew
                0x08006d7c       0xf0 CMakeFiles/RoboticStm32.elf.dir/Middlewares/Third_Party/FreeRTOS/Source/CMSIS_RTOS_V2/cmsis_os2.c.obj
                0x08006d7c                osThreadNew
 .text.vApplicationGetIdleTaskMemory
                0x08006e6c       0x18 CMakeFiles/RoboticStm32.elf.dir/Middlewares/Third_Party/FreeRTOS/Source/CMSIS_RTOS_V2/cmsis_os2.c.obj
                0x08006e6c                vApplicationGetIdleTaskMemory
 .text.vApplicationGetTimerTaskMemory
                0x08006e84       0x18 CMakeFiles/RoboticStm32.elf.dir/Middlewares/Third_Party/FreeRTOS/Source/CMSIS_RTOS_V2/cmsis_os2.c.obj
                0x08006e84                vApplicationGetTimerTaskMemory
 .text.vListInitialise
                0x08006e9c       0x16 CMakeFiles/RoboticStm32.elf.dir/Middlewares/Third_Party/FreeRTOS/Source/list.c.obj
                0x08006e9c                vListInitialise
 .text.vListInitialiseItem
                0x08006eb2        0x6 CMakeFiles/RoboticStm32.elf.dir/Middlewares/Third_Party/FreeRTOS/Source/list.c.obj
                0x08006eb2                vListInitialiseItem
 .text.vListInsertEnd
                0x08006eb8       0x16 CMakeFiles/RoboticStm32.elf.dir/Middlewares/Third_Party/FreeRTOS/Source/list.c.obj
                0x08006eb8                vListInsertEnd
 .text.vListInsert
                0x08006ece       0x32 CMakeFiles/RoboticStm32.elf.dir/Middlewares/Third_Party/FreeRTOS/Source/list.c.obj
                0x08006ece                vListInsert
 .text.uxListRemove
                0x08006f00       0x26 CMakeFiles/RoboticStm32.elf.dir/Middlewares/Third_Party/FreeRTOS/Source/list.c.obj
                0x08006f00                uxListRemove
 *fill*         0x08006f26        0x2 
 .text.prvTaskExitError
                0x08006f28       0x40 CMakeFiles/RoboticStm32.elf.dir/Middlewares/Third_Party/FreeRTOS/Source/portable/GCC/ARM_CM3/port.c.obj
 .text.prvPortStartFirstTask
                0x08006f68       0x20 CMakeFiles/RoboticStm32.elf.dir/Middlewares/Third_Party/FreeRTOS/Source/portable/GCC/ARM_CM3/port.c.obj
 .text.pxPortInitialiseStack
                0x08006f88       0x24 CMakeFiles/RoboticStm32.elf.dir/Middlewares/Third_Party/FreeRTOS/Source/portable/GCC/ARM_CM3/port.c.obj
                0x08006f88                pxPortInitialiseStack
 *fill*         0x08006fac        0x4 
 .text.SVC_Handler
                0x08006fb0       0x24 CMakeFiles/RoboticStm32.elf.dir/Middlewares/Third_Party/FreeRTOS/Source/portable/GCC/ARM_CM3/port.c.obj
                0x08006fb0                SVC_Handler
 .text.vPortEnterCritical
                0x08006fd4       0x44 CMakeFiles/RoboticStm32.elf.dir/Middlewares/Third_Party/FreeRTOS/Source/portable/GCC/ARM_CM3/port.c.obj
                0x08006fd4                vPortEnterCritical
 .text.vPortExitCritical
                0x08007018       0x2c CMakeFiles/RoboticStm32.elf.dir/Middlewares/Third_Party/FreeRTOS/Source/portable/GCC/ARM_CM3/port.c.obj
                0x08007018                vPortExitCritical
 *fill*         0x08007044        0xc 
 .text.PendSV_Handler
                0x08007050       0x44 CMakeFiles/RoboticStm32.elf.dir/Middlewares/Third_Party/FreeRTOS/Source/portable/GCC/ARM_CM3/port.c.obj
                0x08007050                PendSV_Handler
 .text.SysTick_Handler
                0x08007094       0x2c CMakeFiles/RoboticStm32.elf.dir/Middlewares/Third_Party/FreeRTOS/Source/portable/GCC/ARM_CM3/port.c.obj
                0x08007094                SysTick_Handler
 .text.vPortSetupTimerInterrupt
                0x080070c0       0x28 CMakeFiles/RoboticStm32.elf.dir/Middlewares/Third_Party/FreeRTOS/Source/portable/GCC/ARM_CM3/port.c.obj
                0x080070c0                vPortSetupTimerInterrupt
 .text.xPortStartScheduler
                0x080070e8       0xc0 CMakeFiles/RoboticStm32.elf.dir/Middlewares/Third_Party/FreeRTOS/Source/portable/GCC/ARM_CM3/port.c.obj
                0x080070e8                xPortStartScheduler
 .text.vPortValidateInterruptPriority
                0x080071a8       0x5c CMakeFiles/RoboticStm32.elf.dir/Middlewares/Third_Party/FreeRTOS/Source/portable/GCC/ARM_CM3/port.c.obj
                0x080071a8                vPortValidateInterruptPriority
 .text.prvHeapInit
                0x08007204       0x68 CMakeFiles/RoboticStm32.elf.dir/Middlewares/Third_Party/FreeRTOS/Source/portable/MemMang/heap_4.c.obj
 .text.prvInsertBlockIntoFreeList
                0x0800726c       0x60 CMakeFiles/RoboticStm32.elf.dir/Middlewares/Third_Party/FreeRTOS/Source/portable/MemMang/heap_4.c.obj
 .text.pvPortMalloc
                0x080072cc       0xf8 CMakeFiles/RoboticStm32.elf.dir/Middlewares/Third_Party/FreeRTOS/Source/portable/MemMang/heap_4.c.obj
                0x080072cc                pvPortMalloc
 .text.vPortFree
                0x080073c4       0x70 CMakeFiles/RoboticStm32.elf.dir/Middlewares/Third_Party/FreeRTOS/Source/portable/MemMang/heap_4.c.obj
                0x080073c4                vPortFree
 .text.prvGetDisinheritPriorityAfterTimeout
                0x08007434       0x10 CMakeFiles/RoboticStm32.elf.dir/Middlewares/Third_Party/FreeRTOS/Source/queue.c.obj
 .text.prvIsQueueFull
                0x08007444       0x1e CMakeFiles/RoboticStm32.elf.dir/Middlewares/Third_Party/FreeRTOS/Source/queue.c.obj
 .text.prvIsQueueEmpty
                0x08007462       0x1a CMakeFiles/RoboticStm32.elf.dir/Middlewares/Third_Party/FreeRTOS/Source/queue.c.obj
 .text.prvCopyDataToQueue
                0x0800747c       0x76 CMakeFiles/RoboticStm32.elf.dir/Middlewares/Third_Party/FreeRTOS/Source/queue.c.obj
 .text.prvCopyDataFromQueue
                0x080074f2       0x24 CMakeFiles/RoboticStm32.elf.dir/Middlewares/Third_Party/FreeRTOS/Source/queue.c.obj
 .text.prvUnlockQueue
                0x08007516       0x6e CMakeFiles/RoboticStm32.elf.dir/Middlewares/Third_Party/FreeRTOS/Source/queue.c.obj
 .text.xQueueGenericReset
                0x08007584       0x84 CMakeFiles/RoboticStm32.elf.dir/Middlewares/Third_Party/FreeRTOS/Source/queue.c.obj
                0x08007584                xQueueGenericReset
 .text.prvInitialiseNewQueue
                0x08007608       0x22 CMakeFiles/RoboticStm32.elf.dir/Middlewares/Third_Party/FreeRTOS/Source/queue.c.obj
 .text.xQueueGenericCreateStatic
                0x0800762a       0x92 CMakeFiles/RoboticStm32.elf.dir/Middlewares/Third_Party/FreeRTOS/Source/queue.c.obj
                0x0800762a                xQueueGenericCreateStatic
 .text.xQueueGenericCreate
                0x080076bc       0x4e CMakeFiles/RoboticStm32.elf.dir/Middlewares/Third_Party/FreeRTOS/Source/queue.c.obj
                0x080076bc                xQueueGenericCreate
 .text.xQueueGenericSend
                0x0800770a      0x188 CMakeFiles/RoboticStm32.elf.dir/Middlewares/Third_Party/FreeRTOS/Source/queue.c.obj
                0x0800770a                xQueueGenericSend
 .text.prvInitialiseMutex
                0x08007892       0x18 CMakeFiles/RoboticStm32.elf.dir/Middlewares/Third_Party/FreeRTOS/Source/queue.c.obj
 .text.xQueueCreateMutex
                0x080078aa       0x16 CMakeFiles/RoboticStm32.elf.dir/Middlewares/Third_Party/FreeRTOS/Source/queue.c.obj
                0x080078aa                xQueueCreateMutex
 .text.xQueueGenericSendFromISR
                0x080078c0       0xcc CMakeFiles/RoboticStm32.elf.dir/Middlewares/Third_Party/FreeRTOS/Source/queue.c.obj
                0x080078c0                xQueueGenericSendFromISR
 .text.xQueueReceive
                0x0800798c      0x15e CMakeFiles/RoboticStm32.elf.dir/Middlewares/Third_Party/FreeRTOS/Source/queue.c.obj
                0x0800798c                xQueueReceive
 .text.xQueueSemaphoreTake
                0x08007aea      0x1a6 CMakeFiles/RoboticStm32.elf.dir/Middlewares/Third_Party/FreeRTOS/Source/queue.c.obj
                0x08007aea                xQueueSemaphoreTake
 .text.vQueueAddToRegistry
                0x08007c90       0x28 CMakeFiles/RoboticStm32.elf.dir/Middlewares/Third_Party/FreeRTOS/Source/queue.c.obj
                0x08007c90                vQueueAddToRegistry
 .text.vQueueWaitForMessageRestricted
                0x08007cb8       0x52 CMakeFiles/RoboticStm32.elf.dir/Middlewares/Third_Party/FreeRTOS/Source/queue.c.obj
                0x08007cb8                vQueueWaitForMessageRestricted
 *fill*         0x08007d0a        0x2 
 .text.prvResetNextTaskUnblockTime
                0x08007d0c       0x2c CMakeFiles/RoboticStm32.elf.dir/Middlewares/Third_Party/FreeRTOS/Source/tasks.c.obj
 .text.prvInitialiseNewTask
                0x08007d38       0xf8 CMakeFiles/RoboticStm32.elf.dir/Middlewares/Third_Party/FreeRTOS/Source/tasks.c.obj
 .text.prvInitialiseTaskLists
                0x08007e30       0x68 CMakeFiles/RoboticStm32.elf.dir/Middlewares/Third_Party/FreeRTOS/Source/tasks.c.obj
 .text.prvAddNewTaskToReadyList
                0x08007e98       0xac CMakeFiles/RoboticStm32.elf.dir/Middlewares/Third_Party/FreeRTOS/Source/tasks.c.obj
 .text.prvDeleteTCB
                0x08007f44       0x40 CMakeFiles/RoboticStm32.elf.dir/Middlewares/Third_Party/FreeRTOS/Source/tasks.c.obj
 .text.prvCheckTasksWaitingTermination
                0x08007f84       0x4c CMakeFiles/RoboticStm32.elf.dir/Middlewares/Third_Party/FreeRTOS/Source/tasks.c.obj
 .text.prvIdleTask
                0x08007fd0       0x28 CMakeFiles/RoboticStm32.elf.dir/Middlewares/Third_Party/FreeRTOS/Source/tasks.c.obj
 .text.prvAddCurrentTaskToDelayedList
                0x08007ff8       0x7c CMakeFiles/RoboticStm32.elf.dir/Middlewares/Third_Party/FreeRTOS/Source/tasks.c.obj
 .text.xTaskCreateStatic
                0x08008074       0x78 CMakeFiles/RoboticStm32.elf.dir/Middlewares/Third_Party/FreeRTOS/Source/tasks.c.obj
                0x08008074                xTaskCreateStatic
 .text.xTaskCreate
                0x080080ec       0x66 CMakeFiles/RoboticStm32.elf.dir/Middlewares/Third_Party/FreeRTOS/Source/tasks.c.obj
                0x080080ec                xTaskCreate
 *fill*         0x08008152        0x2 
 .text.vTaskStartScheduler
                0x08008154       0xac CMakeFiles/RoboticStm32.elf.dir/Middlewares/Third_Party/FreeRTOS/Source/tasks.c.obj
                0x08008154                vTaskStartScheduler
 .text.vTaskSuspendAll
                0x08008200       0x10 CMakeFiles/RoboticStm32.elf.dir/Middlewares/Third_Party/FreeRTOS/Source/tasks.c.obj
                0x08008200                vTaskSuspendAll
 .text.xTaskGetTickCount
                0x08008210        0xc CMakeFiles/RoboticStm32.elf.dir/Middlewares/Third_Party/FreeRTOS/Source/tasks.c.obj
                0x08008210                xTaskGetTickCount
 .text.xTaskIncrementTick
                0x0800821c      0x118 CMakeFiles/RoboticStm32.elf.dir/Middlewares/Third_Party/FreeRTOS/Source/tasks.c.obj
                0x0800821c                xTaskIncrementTick
 .text.xTaskResumeAll
                0x08008334       0xf8 CMakeFiles/RoboticStm32.elf.dir/Middlewares/Third_Party/FreeRTOS/Source/tasks.c.obj
                0x08008334                xTaskResumeAll
 .text.vTaskDelayUntil
                0x0800842c       0xa4 CMakeFiles/RoboticStm32.elf.dir/Middlewares/Third_Party/FreeRTOS/Source/tasks.c.obj
                0x0800842c                vTaskDelayUntil
 .text.vTaskDelay
                0x080084d0       0x4c CMakeFiles/RoboticStm32.elf.dir/Middlewares/Third_Party/FreeRTOS/Source/tasks.c.obj
                0x080084d0                vTaskDelay
 .text.vTaskSwitchContext
                0x0800851c       0xa4 CMakeFiles/RoboticStm32.elf.dir/Middlewares/Third_Party/FreeRTOS/Source/tasks.c.obj
                0x0800851c                vTaskSwitchContext
 .text.vTaskPlaceOnEventList
                0x080085c0       0x30 CMakeFiles/RoboticStm32.elf.dir/Middlewares/Third_Party/FreeRTOS/Source/tasks.c.obj
                0x080085c0                vTaskPlaceOnEventList
 .text.vTaskPlaceOnEventListRestricted
                0x080085f0       0x38 CMakeFiles/RoboticStm32.elf.dir/Middlewares/Third_Party/FreeRTOS/Source/tasks.c.obj
                0x080085f0                vTaskPlaceOnEventListRestricted
 .text.xTaskRemoveFromEventList
                0x08008628       0x8c CMakeFiles/RoboticStm32.elf.dir/Middlewares/Third_Party/FreeRTOS/Source/tasks.c.obj
                0x08008628                xTaskRemoveFromEventList
 .text.vTaskInternalSetTimeOutState
                0x080086b4       0x18 CMakeFiles/RoboticStm32.elf.dir/Middlewares/Third_Party/FreeRTOS/Source/tasks.c.obj
                0x080086b4                vTaskInternalSetTimeOutState
 .text.xTaskCheckForTimeOut
                0x080086cc       0x84 CMakeFiles/RoboticStm32.elf.dir/Middlewares/Third_Party/FreeRTOS/Source/tasks.c.obj
                0x080086cc                xTaskCheckForTimeOut
 .text.vTaskMissedYield
                0x08008750        0xc CMakeFiles/RoboticStm32.elf.dir/Middlewares/Third_Party/FreeRTOS/Source/tasks.c.obj
                0x08008750                vTaskMissedYield
 .text.xTaskGetSchedulerState
                0x0800875c       0x20 CMakeFiles/RoboticStm32.elf.dir/Middlewares/Third_Party/FreeRTOS/Source/tasks.c.obj
                0x0800875c                xTaskGetSchedulerState
 .text.xTaskPriorityInherit
                0x0800877c       0x98 CMakeFiles/RoboticStm32.elf.dir/Middlewares/Third_Party/FreeRTOS/Source/tasks.c.obj
                0x0800877c                xTaskPriorityInherit
 .text.xTaskPriorityDisinherit
                0x08008814       0x90 CMakeFiles/RoboticStm32.elf.dir/Middlewares/Third_Party/FreeRTOS/Source/tasks.c.obj
                0x08008814                xTaskPriorityDisinherit
 .text.vTaskPriorityDisinheritAfterTimeout
                0x080088a4       0xa0 CMakeFiles/RoboticStm32.elf.dir/Middlewares/Third_Party/FreeRTOS/Source/tasks.c.obj
                0x080088a4                vTaskPriorityDisinheritAfterTimeout
 .text.pvTaskIncrementMutexHeldCount
                0x08008944       0x1c CMakeFiles/RoboticStm32.elf.dir/Middlewares/Third_Party/FreeRTOS/Source/tasks.c.obj
                0x08008944                pvTaskIncrementMutexHeldCount
 .text.prvGetNextExpireTime
                0x08008960       0x20 CMakeFiles/RoboticStm32.elf.dir/Middlewares/Third_Party/FreeRTOS/Source/timers.c.obj
 .text.prvInsertTimerInActiveList
                0x08008980       0x48 CMakeFiles/RoboticStm32.elf.dir/Middlewares/Third_Party/FreeRTOS/Source/timers.c.obj
 .text.prvCheckForValidListAndQueue
                0x080089c8       0x70 CMakeFiles/RoboticStm32.elf.dir/Middlewares/Third_Party/FreeRTOS/Source/timers.c.obj
 .text.xTimerCreateTimerTask
                0x08008a38       0x64 CMakeFiles/RoboticStm32.elf.dir/Middlewares/Third_Party/FreeRTOS/Source/timers.c.obj
                0x08008a38                xTimerCreateTimerTask
 .text.xTimerGenericCommand
                0x08008a9c       0x6c CMakeFiles/RoboticStm32.elf.dir/Middlewares/Third_Party/FreeRTOS/Source/timers.c.obj
                0x08008a9c                xTimerGenericCommand
 .text.prvSwitchTimerLists
                0x08008b08       0x78 CMakeFiles/RoboticStm32.elf.dir/Middlewares/Third_Party/FreeRTOS/Source/timers.c.obj
 .text.prvSampleTimeNow
                0x08008b80       0x2c CMakeFiles/RoboticStm32.elf.dir/Middlewares/Third_Party/FreeRTOS/Source/timers.c.obj
 .text.prvProcessExpiredTimer
                0x08008bac       0x60 CMakeFiles/RoboticStm32.elf.dir/Middlewares/Third_Party/FreeRTOS/Source/timers.c.obj
 .text.prvProcessTimerOrBlockTask
                0x08008c0c       0x70 CMakeFiles/RoboticStm32.elf.dir/Middlewares/Third_Party/FreeRTOS/Source/timers.c.obj
 .text.prvProcessReceivedCommands
                0x08008c7c       0xf8 CMakeFiles/RoboticStm32.elf.dir/Middlewares/Third_Party/FreeRTOS/Source/timers.c.obj
 .text.prvTimerTask
                0x08008d74       0x16 CMakeFiles/RoboticStm32.elf.dir/Middlewares/Third_Party/FreeRTOS/Source/timers.c.obj
 .text.CanMid_QuatToBytes
                0x08008d8a       0x12 CMakeFiles/RoboticStm32.elf.dir/Robotic/can_mid/can_mid.c.obj
 .text.CanMid_ImuToBytes
                0x08008d9c       0x1a CMakeFiles/RoboticStm32.elf.dir/Robotic/can_mid/can_mid.c.obj
 *fill*         0x08008db6        0x2 
 .text.CanMid_SendQuat
                0x08008db8       0x2c CMakeFiles/RoboticStm32.elf.dir/Robotic/can_mid/can_mid.c.obj
                0x08008db8                CanMid_SendQuat
 .text.CanMid_SendImu
                0x08008de4       0x38 CMakeFiles/RoboticStm32.elf.dir/Robotic/can_mid/can_mid.c.obj
                0x08008de4                CanMid_SendImu
 .text.CanMid_SendVoltage
                0x08008e1c       0x1c CMakeFiles/RoboticStm32.elf.dir/Robotic/can_mid/can_mid.c.obj
                0x08008e1c                CanMid_SendVoltage
 .text.CanMid_SendOdom
                0x08008e38       0x2c CMakeFiles/RoboticStm32.elf.dir/Robotic/can_mid/can_mid.c.obj
                0x08008e38                CanMid_SendOdom
 .text.CanMid_BytesToFloat
                0x08008e64       0x14 CMakeFiles/RoboticStm32.elf.dir/Robotic/can_mid/can_mid.c.obj
                0x08008e64                CanMid_BytesToFloat
 .text.CanMid_Init
                0x08008e78       0x18 CMakeFiles/RoboticStm32.elf.dir/Robotic/can_mid/can_mid.c.obj
                0x08008e78                CanMid_Init
 .text.CanMid_WriteOdom
                0x08008e90       0x18 CMakeFiles/RoboticStm32.elf.dir/Robotic/can_mid/can_mid.c.obj
                0x08008e90                CanMid_WriteOdom
 .text.CanMid_ReadOdom
                0x08008ea8       0x18 CMakeFiles/RoboticStm32.elf.dir/Robotic/can_mid/can_mid.c.obj
                0x08008ea8                CanMid_ReadOdom
 .text.Kinematics_Inverse
                0x08008ec0       0x70 CMakeFiles/RoboticStm32.elf.dir/Robotic/kinematics/kinematics.c.obj
                0x08008ec0                Kinematics_Inverse
 .text.Kinematics_RpmToDuty
                0x08008f30       0x70 CMakeFiles/RoboticStm32.elf.dir/Robotic/kinematics/kinematics.c.obj
                0x08008f30                Kinematics_RpmToDuty
 .text.Kinematics_CntToRpm
                0x08008fa0       0x30 CMakeFiles/RoboticStm32.elf.dir/Robotic/kinematics/kinematics.c.obj
                0x08008fa0                Kinematics_CntToRpm
 .text.Kinematics_Position
                0x08008fd0      0x2b8 CMakeFiles/RoboticStm32.elf.dir/Robotic/kinematics/kinematics.c.obj
                0x08008fd0                Kinematics_Position
 .text.Motor_PID_Calculate
                0x08009288       0xe4 CMakeFiles/RoboticStm32.elf.dir/Robotic/pid/pid.c.obj
 .text.PID_Init
                0x0800936c       0x4c CMakeFiles/RoboticStm32.elf.dir/Robotic/pid/pid.c.obj
                0x0800936c                PID_Init
 .text.PID_Controller
                0x080093b8       0xa0 CMakeFiles/RoboticStm32.elf.dir/Robotic/pid/pid.c.obj
                0x080093b8                PID_Controller
 .text.PID_SetTarget
                0x08009458       0x48 CMakeFiles/RoboticStm32.elf.dir/Robotic/pid/pid.c.obj
                0x08009458                PID_SetTarget
 .text.Pose_QuaternionNormalize
                0x080094a0       0x8a CMakeFiles/RoboticStm32.elf.dir/Robotic/pose/pose.c.obj
 *fill*         0x0800952a        0x2 
 .text.Pose_MahonyUpdate
                0x0800952c      0x34c CMakeFiles/RoboticStm32.elf.dir/Robotic/pose/pose.c.obj
                0x0800952c                Pose_MahonyUpdate
 .text.std      0x08009878       0x6c C:/software/STM32CubeCLT_1.15.1/GNU-tools-for-STM32/bin/../lib/gcc/arm-none-eabi/12.3.1/../../../../arm-none-eabi/lib/thumb/v7-m/nofp\libg.a(libc_a-findfp.o)
 .text.stdio_exit_handler
                0x080098e4       0x18 C:/software/STM32CubeCLT_1.15.1/GNU-tools-for-STM32/bin/../lib/gcc/arm-none-eabi/12.3.1/../../../../arm-none-eabi/lib/thumb/v7-m/nofp\libg.a(libc_a-findfp.o)
 .text.cleanup_stdio
                0x080098fc       0x40 C:/software/STM32CubeCLT_1.15.1/GNU-tools-for-STM32/bin/../lib/gcc/arm-none-eabi/12.3.1/../../../../arm-none-eabi/lib/thumb/v7-m/nofp\libg.a(libc_a-findfp.o)
 .text.global_stdio_init.part.0
                0x0800993c       0x3c C:/software/STM32CubeCLT_1.15.1/GNU-tools-for-STM32/bin/../lib/gcc/arm-none-eabi/12.3.1/../../../../arm-none-eabi/lib/thumb/v7-m/nofp\libg.a(libc_a-findfp.o)
 .text.__sfp_lock_acquire
                0x08009978        0xc C:/software/STM32CubeCLT_1.15.1/GNU-tools-for-STM32/bin/../lib/gcc/arm-none-eabi/12.3.1/../../../../arm-none-eabi/lib/thumb/v7-m/nofp\libg.a(libc_a-findfp.o)
                0x08009978                __sfp_lock_acquire
 .text.__sfp_lock_release
                0x08009984        0xc C:/software/STM32CubeCLT_1.15.1/GNU-tools-for-STM32/bin/../lib/gcc/arm-none-eabi/12.3.1/../../../../arm-none-eabi/lib/thumb/v7-m/nofp\libg.a(libc_a-findfp.o)
                0x08009984                __sfp_lock_release
 .text.__sinit  0x08009990       0x30 C:/software/STM32CubeCLT_1.15.1/GNU-tools-for-STM32/bin/../lib/gcc/arm-none-eabi/12.3.1/../../../../arm-none-eabi/lib/thumb/v7-m/nofp\libg.a(libc_a-findfp.o)
                0x08009990                __sinit
 .text._fwalk_sglue
                0x080099c0       0x3c C:/software/STM32CubeCLT_1.15.1/GNU-tools-for-STM32/bin/../lib/gcc/arm-none-eabi/12.3.1/../../../../arm-none-eabi/lib/thumb/v7-m/nofp\libg.a(libc_a-fwalk.o)
                0x080099c0                _fwalk_sglue
 .text.sprintf  0x080099fc       0x40 C:/software/STM32CubeCLT_1.15.1/GNU-tools-for-STM32/bin/../lib/gcc/arm-none-eabi/12.3.1/../../../../arm-none-eabi/lib/thumb/v7-m/nofp\libg.a(libc_a-sprintf.o)
                0x080099fc                sprintf
 .text.__sread  0x08009a3c       0x22 C:/software/STM32CubeCLT_1.15.1/GNU-tools-for-STM32/bin/../lib/gcc/arm-none-eabi/12.3.1/../../../../arm-none-eabi/lib/thumb/v7-m/nofp\libg.a(libc_a-stdio.o)
                0x08009a3c                __sread
 .text.__swrite
                0x08009a5e       0x38 C:/software/STM32CubeCLT_1.15.1/GNU-tools-for-STM32/bin/../lib/gcc/arm-none-eabi/12.3.1/../../../../arm-none-eabi/lib/thumb/v7-m/nofp\libg.a(libc_a-stdio.o)
                0x08009a5e                __swrite
 .text.__sseek  0x08009a96       0x24 C:/software/STM32CubeCLT_1.15.1/GNU-tools-for-STM32/bin/../lib/gcc/arm-none-eabi/12.3.1/../../../../arm-none-eabi/lib/thumb/v7-m/nofp\libg.a(libc_a-stdio.o)
                0x08009a96                __sseek
 .text.__sclose
                0x08009aba        0x8 C:/software/STM32CubeCLT_1.15.1/GNU-tools-for-STM32/bin/../lib/gcc/arm-none-eabi/12.3.1/../../../../arm-none-eabi/lib/thumb/v7-m/nofp\libg.a(libc_a-stdio.o)
                0x08009aba                __sclose
 .text.memset   0x08009ac2       0x10 C:/software/STM32CubeCLT_1.15.1/GNU-tools-for-STM32/bin/../lib/gcc/arm-none-eabi/12.3.1/../../../../arm-none-eabi/lib/thumb/v7-m/nofp\libg.a(libc_a-memset.o)
                0x08009ac2                memset
 *fill*         0x08009ad2        0x2 
 .text._close_r
                0x08009ad4       0x20 C:/software/STM32CubeCLT_1.15.1/GNU-tools-for-STM32/bin/../lib/gcc/arm-none-eabi/12.3.1/../../../../arm-none-eabi/lib/thumb/v7-m/nofp\libg.a(libc_a-closer.o)
                0x08009ad4                _close_r
 .text._reclaim_reent
                0x08009af4       0x58 C:/software/STM32CubeCLT_1.15.1/GNU-tools-for-STM32/bin/../lib/gcc/arm-none-eabi/12.3.1/../../../../arm-none-eabi/lib/thumb/v7-m/nofp\libg.a(libc_a-reent.o)
                0x08009af4                _reclaim_reent
 .text._lseek_r
                0x08009b4c       0x24 C:/software/STM32CubeCLT_1.15.1/GNU-tools-for-STM32/bin/../lib/gcc/arm-none-eabi/12.3.1/../../../../arm-none-eabi/lib/thumb/v7-m/nofp\libg.a(libc_a-lseekr.o)
                0x08009b4c                _lseek_r
 .text._read_r  0x08009b70       0x24 C:/software/STM32CubeCLT_1.15.1/GNU-tools-for-STM32/bin/../lib/gcc/arm-none-eabi/12.3.1/../../../../arm-none-eabi/lib/thumb/v7-m/nofp\libg.a(libc_a-readr.o)
                0x08009b70                _read_r
 .text._write_r
                0x08009b94       0x24 C:/software/STM32CubeCLT_1.15.1/GNU-tools-for-STM32/bin/../lib/gcc/arm-none-eabi/12.3.1/../../../../arm-none-eabi/lib/thumb/v7-m/nofp\libg.a(libc_a-writer.o)
                0x08009b94                _write_r
 .text.__errno  0x08009bb8        0xc C:/software/STM32CubeCLT_1.15.1/GNU-tools-for-STM32/bin/../lib/gcc/arm-none-eabi/12.3.1/../../../../arm-none-eabi/lib/thumb/v7-m/nofp\libg.a(libc_a-errno.o)
                0x08009bb8                __errno
 .text.__libc_init_array
                0x08009bc4       0x48 C:/software/STM32CubeCLT_1.15.1/GNU-tools-for-STM32/bin/../lib/gcc/arm-none-eabi/12.3.1/../../../../arm-none-eabi/lib/thumb/v7-m/nofp\libg.a(libc_a-init.o)
                0x08009bc4                __libc_init_array
 .text.__retarget_lock_init_recursive
                0x08009c0c        0x2 C:/software/STM32CubeCLT_1.15.1/GNU-tools-for-STM32/bin/../lib/gcc/arm-none-eabi/12.3.1/../../../../arm-none-eabi/lib/thumb/v7-m/nofp\libg.a(libc_a-lock.o)
                0x08009c0c                __retarget_lock_init_recursive
 .text.__retarget_lock_close_recursive
                0x08009c0e        0x2 C:/software/STM32CubeCLT_1.15.1/GNU-tools-for-STM32/bin/../lib/gcc/arm-none-eabi/12.3.1/../../../../arm-none-eabi/lib/thumb/v7-m/nofp\libg.a(libc_a-lock.o)
                0x08009c0e                __retarget_lock_close_recursive
 .text.__retarget_lock_acquire_recursive
                0x08009c10        0x2 C:/software/STM32CubeCLT_1.15.1/GNU-tools-for-STM32/bin/../lib/gcc/arm-none-eabi/12.3.1/../../../../arm-none-eabi/lib/thumb/v7-m/nofp\libg.a(libc_a-lock.o)
                0x08009c10                __retarget_lock_acquire_recursive
 .text.__retarget_lock_release_recursive
                0x08009c12        0x2 C:/software/STM32CubeCLT_1.15.1/GNU-tools-for-STM32/bin/../lib/gcc/arm-none-eabi/12.3.1/../../../../arm-none-eabi/lib/thumb/v7-m/nofp\libg.a(libc_a-lock.o)
                0x08009c12                __retarget_lock_release_recursive
 .text.memcpy   0x08009c14       0x1c C:/software/STM32CubeCLT_1.15.1/GNU-tools-for-STM32/bin/../lib/gcc/arm-none-eabi/12.3.1/../../../../arm-none-eabi/lib/thumb/v7-m/nofp\libg.a(libc_a-memcpy-stub.o)
                0x08009c14                memcpy
 .text.startup.register_fini
                0x08009c30       0x14 C:/software/STM32CubeCLT_1.15.1/GNU-tools-for-STM32/bin/../lib/gcc/arm-none-eabi/12.3.1/../../../../arm-none-eabi/lib/thumb/v7-m/nofp\libg.a(libc_a-__call_atexit.o)
 .text.atexit   0x08009c44        0xc C:/software/STM32CubeCLT_1.15.1/GNU-tools-for-STM32/bin/../lib/gcc/arm-none-eabi/12.3.1/../../../../arm-none-eabi/lib/thumb/v7-m/nofp\libg.a(libc_a-atexit.o)
                0x08009c44                atexit
 .text._malloc_trim_r
                0x08009c50       0xac C:/software/STM32CubeCLT_1.15.1/GNU-tools-for-STM32/bin/../lib/gcc/arm-none-eabi/12.3.1/../../../../arm-none-eabi/lib/thumb/v7-m/nofp\libg.a(libc_a-freer.o)
                0x08009c50                _malloc_trim_r
 .text._free_r  0x08009cfc      0x180 C:/software/STM32CubeCLT_1.15.1/GNU-tools-for-STM32/bin/../lib/gcc/arm-none-eabi/12.3.1/../../../../arm-none-eabi/lib/thumb/v7-m/nofp\libg.a(libc_a-freer.o)
                0x08009cfc                _free_r
 .text._malloc_r
                0x08009e7c      0x474 C:/software/STM32CubeCLT_1.15.1/GNU-tools-for-STM32/bin/../lib/gcc/arm-none-eabi/12.3.1/../../../../arm-none-eabi/lib/thumb/v7-m/nofp\libg.a(libc_a-mallocr.o)
                0x08009e7c                _malloc_r
 .text.__malloc_lock
                0x0800a2f0        0xc C:/software/STM32CubeCLT_1.15.1/GNU-tools-for-STM32/bin/../lib/gcc/arm-none-eabi/12.3.1/../../../../arm-none-eabi/lib/thumb/v7-m/nofp\libg.a(libc_a-mlock.o)
                0x0800a2f0                __malloc_lock
 .text.__malloc_unlock
                0x0800a2fc        0xc C:/software/STM32CubeCLT_1.15.1/GNU-tools-for-STM32/bin/../lib/gcc/arm-none-eabi/12.3.1/../../../../arm-none-eabi/lib/thumb/v7-m/nofp\libg.a(libc_a-mlock.o)
                0x0800a2fc                __malloc_unlock
 .text._svfprintf_r
                0x0800a308     0x1378 C:/software/STM32CubeCLT_1.15.1/GNU-tools-for-STM32/bin/../lib/gcc/arm-none-eabi/12.3.1/../../../../arm-none-eabi/lib/thumb/v7-m/nofp\libg.a(libc_a-svfprintf.o)
                0x0800a308                _svfprintf_r
 .text._fclose_r
                0x0800b680       0xaa C:/software/STM32CubeCLT_1.15.1/GNU-tools-for-STM32/bin/../lib/gcc/arm-none-eabi/12.3.1/../../../../arm-none-eabi/lib/thumb/v7-m/nofp\libg.a(libc_a-fclose.o)
                0x0800b680                _fclose_r
 *fill*         0x0800b72a        0x2 
 .text.__sflush_r
                0x0800b72c      0x108 C:/software/STM32CubeCLT_1.15.1/GNU-tools-for-STM32/bin/../lib/gcc/arm-none-eabi/12.3.1/../../../../arm-none-eabi/lib/thumb/v7-m/nofp\libg.a(libc_a-fflush.o)
                0x0800b72c                __sflush_r
 .text._fflush_r
                0x0800b834       0x4a C:/software/STM32CubeCLT_1.15.1/GNU-tools-for-STM32/bin/../lib/gcc/arm-none-eabi/12.3.1/../../../../arm-none-eabi/lib/thumb/v7-m/nofp\libg.a(libc_a-fflush.o)
                0x0800b834                _fflush_r
 .text.strncpy  0x0800b87e       0x26 C:/software/STM32CubeCLT_1.15.1/GNU-tools-for-STM32/bin/../lib/gcc/arm-none-eabi/12.3.1/../../../../arm-none-eabi/lib/thumb/v7-m/nofp\libg.a(libc_a-strncpy.o)
                0x0800b87e                strncpy
 .text._localeconv_r
                0x0800b8a4        0x8 C:/software/STM32CubeCLT_1.15.1/GNU-tools-for-STM32/bin/../lib/gcc/arm-none-eabi/12.3.1/../../../../arm-none-eabi/lib/thumb/v7-m/nofp\libg.a(libc_a-localeconv.o)
                0x0800b8a4                _localeconv_r
 .text._sbrk_r  0x0800b8ac       0x20 C:/software/STM32CubeCLT_1.15.1/GNU-tools-for-STM32/bin/../lib/gcc/arm-none-eabi/12.3.1/../../../../arm-none-eabi/lib/thumb/v7-m/nofp\libg.a(libc_a-sbrkr.o)
                0x0800b8ac                _sbrk_r
 .text.__libc_fini_array
                0x0800b8cc       0x28 C:/software/STM32CubeCLT_1.15.1/GNU-tools-for-STM32/bin/../lib/gcc/arm-none-eabi/12.3.1/../../../../arm-none-eabi/lib/thumb/v7-m/nofp\libg.a(libc_a-fini.o)
                0x0800b8cc                __libc_fini_array
 .text.sysconf  0x0800b8f4       0x18 C:/software/STM32CubeCLT_1.15.1/GNU-tools-for-STM32/bin/../lib/gcc/arm-none-eabi/12.3.1/../../../../arm-none-eabi/lib/thumb/v7-m/nofp\libg.a(libc_a-sysconf.o)
                0x0800b8f4                sysconf
 .text.memchr   0x0800b90c       0x1c C:/software/STM32CubeCLT_1.15.1/GNU-tools-for-STM32/bin/../lib/gcc/arm-none-eabi/12.3.1/../../../../arm-none-eabi/lib/thumb/v7-m/nofp\libg.a(libc_a-memchr-stub.o)
                0x0800b90c                memchr
 .text.frexp    0x0800b928       0x68 C:/software/STM32CubeCLT_1.15.1/GNU-tools-for-STM32/bin/../lib/gcc/arm-none-eabi/12.3.1/../../../../arm-none-eabi/lib/thumb/v7-m/nofp\libg.a(libm_a-s_frexp.o)
                0x0800b928                frexp
 .text.__register_exitproc
                0x0800b990       0x80 C:/software/STM32CubeCLT_1.15.1/GNU-tools-for-STM32/bin/../lib/gcc/arm-none-eabi/12.3.1/../../../../arm-none-eabi/lib/thumb/v7-m/nofp\libg.a(libc_a-__atexit.o)
                0x0800b990                __register_exitproc
 .text.quorem   0x0800ba10      0x110 C:/software/STM32CubeCLT_1.15.1/GNU-tools-for-STM32/bin/../lib/gcc/arm-none-eabi/12.3.1/../../../../arm-none-eabi/lib/thumb/v7-m/nofp\libg.a(libc_a-dtoa.o)
 .text._dtoa_r  0x0800bb20      0xb58 C:/software/STM32CubeCLT_1.15.1/GNU-tools-for-STM32/bin/../lib/gcc/arm-none-eabi/12.3.1/../../../../arm-none-eabi/lib/thumb/v7-m/nofp\libg.a(libc_a-dtoa.o)
                0x0800bb20                _dtoa_r
 .text._Balloc  0x0800c678       0x4a C:/software/STM32CubeCLT_1.15.1/GNU-tools-for-STM32/bin/../lib/gcc/arm-none-eabi/12.3.1/../../../../arm-none-eabi/lib/thumb/v7-m/nofp\libg.a(libc_a-mprec.o)
                0x0800c678                _Balloc
 .text._Bfree   0x0800c6c2       0x12 C:/software/STM32CubeCLT_1.15.1/GNU-tools-for-STM32/bin/../lib/gcc/arm-none-eabi/12.3.1/../../../../arm-none-eabi/lib/thumb/v7-m/nofp\libg.a(libc_a-mprec.o)
                0x0800c6c2                _Bfree
 .text.__multadd
                0x0800c6d4       0x8c C:/software/STM32CubeCLT_1.15.1/GNU-tools-for-STM32/bin/../lib/gcc/arm-none-eabi/12.3.1/../../../../arm-none-eabi/lib/thumb/v7-m/nofp\libg.a(libc_a-mprec.o)
                0x0800c6d4                __multadd
 .text.__hi0bits
                0x0800c760       0x3e C:/software/STM32CubeCLT_1.15.1/GNU-tools-for-STM32/bin/../lib/gcc/arm-none-eabi/12.3.1/../../../../arm-none-eabi/lib/thumb/v7-m/nofp\libg.a(libc_a-mprec.o)
                0x0800c760                __hi0bits
 .text.__lo0bits
                0x0800c79e       0x5a C:/software/STM32CubeCLT_1.15.1/GNU-tools-for-STM32/bin/../lib/gcc/arm-none-eabi/12.3.1/../../../../arm-none-eabi/lib/thumb/v7-m/nofp\libg.a(libc_a-mprec.o)
                0x0800c79e                __lo0bits
 .text.__i2b    0x0800c7f8       0x2c C:/software/STM32CubeCLT_1.15.1/GNU-tools-for-STM32/bin/../lib/gcc/arm-none-eabi/12.3.1/../../../../arm-none-eabi/lib/thumb/v7-m/nofp\libg.a(libc_a-mprec.o)
                0x0800c7f8                __i2b
 .text.__multiply
                0x0800c824      0x150 C:/software/STM32CubeCLT_1.15.1/GNU-tools-for-STM32/bin/../lib/gcc/arm-none-eabi/12.3.1/../../../../arm-none-eabi/lib/thumb/v7-m/nofp\libg.a(libc_a-mprec.o)
                0x0800c824                __multiply
 .text.__pow5mult
                0x0800c974       0x80 C:/software/STM32CubeCLT_1.15.1/GNU-tools-for-STM32/bin/../lib/gcc/arm-none-eabi/12.3.1/../../../../arm-none-eabi/lib/thumb/v7-m/nofp\libg.a(libc_a-mprec.o)
                0x0800c974                __pow5mult
 .text.__lshift
                0x0800c9f4       0xd8 C:/software/STM32CubeCLT_1.15.1/GNU-tools-for-STM32/bin/../lib/gcc/arm-none-eabi/12.3.1/../../../../arm-none-eabi/lib/thumb/v7-m/nofp\libg.a(libc_a-mprec.o)
                0x0800c9f4                __lshift
 .text.__mcmp   0x0800cacc       0x36 C:/software/STM32CubeCLT_1.15.1/GNU-tools-for-STM32/bin/../lib/gcc/arm-none-eabi/12.3.1/../../../../arm-none-eabi/lib/thumb/v7-m/nofp\libg.a(libc_a-mprec.o)
                0x0800cacc                __mcmp
 *fill*         0x0800cb02        0x2 
 .text.__mdiff  0x0800cb04      0x128 C:/software/STM32CubeCLT_1.15.1/GNU-tools-for-STM32/bin/../lib/gcc/arm-none-eabi/12.3.1/../../../../arm-none-eabi/lib/thumb/v7-m/nofp\libg.a(libc_a-mprec.o)
                0x0800cb04                __mdiff
 .text.__d2b    0x0800cc2c       0xb0 C:/software/STM32CubeCLT_1.15.1/GNU-tools-for-STM32/bin/../lib/gcc/arm-none-eabi/12.3.1/../../../../arm-none-eabi/lib/thumb/v7-m/nofp\libg.a(libc_a-mprec.o)
                0x0800cc2c                __d2b
 .text.__ssprint_r
                0x0800ccdc       0xfa C:/software/STM32CubeCLT_1.15.1/GNU-tools-for-STM32/bin/../lib/gcc/arm-none-eabi/12.3.1/../../../../arm-none-eabi/lib/thumb/v7-m/nofp\libg.a(libc_a-svfiprintf.o)
                0x0800ccdc                __ssprint_r
 .text.memmove  0x0800cdd6       0x34 C:/software/STM32CubeCLT_1.15.1/GNU-tools-for-STM32/bin/../lib/gcc/arm-none-eabi/12.3.1/../../../../arm-none-eabi/lib/thumb/v7-m/nofp\libg.a(libc_a-memmove.o)
                0x0800cdd6                memmove
 *fill*         0x0800ce0a        0x2 
 .text.__locale_mb_cur_max
                0x0800ce0c        0xc C:/software/STM32CubeCLT_1.15.1/GNU-tools-for-STM32/bin/../lib/gcc/arm-none-eabi/12.3.1/../../../../arm-none-eabi/lib/thumb/v7-m/nofp\libg.a(libc_a-locale.o)
                0x0800ce0c                __locale_mb_cur_max
 .text.__assert_func
                0x0800ce18       0x3c C:/software/STM32CubeCLT_1.15.1/GNU-tools-for-STM32/bin/../lib/gcc/arm-none-eabi/12.3.1/../../../../arm-none-eabi/lib/thumb/v7-m/nofp\libg.a(libc_a-assert.o)
                0x0800ce18                __assert_func
 .text._calloc_r
                0x0800ce54       0x6a C:/software/STM32CubeCLT_1.15.1/GNU-tools-for-STM32/bin/../lib/gcc/arm-none-eabi/12.3.1/../../../../arm-none-eabi/lib/thumb/v7-m/nofp\libg.a(libc_a-callocr.o)
                0x0800ce54                _calloc_r
 .text.__ascii_mbtowc
                0x0800cebe       0x24 C:/software/STM32CubeCLT_1.15.1/GNU-tools-for-STM32/bin/../lib/gcc/arm-none-eabi/12.3.1/../../../../arm-none-eabi/lib/thumb/v7-m/nofp\libg.a(libc_a-mbtowc_r.o)
                0x0800cebe                __ascii_mbtowc
 *fill*         0x0800cee2        0x2 
 .text._realloc_r
                0x0800cee4      0x358 C:/software/STM32CubeCLT_1.15.1/GNU-tools-for-STM32/bin/../lib/gcc/arm-none-eabi/12.3.1/../../../../arm-none-eabi/lib/thumb/v7-m/nofp\libg.a(libc_a-reallocr.o)
                0x0800cee4                _realloc_r
 .text.__ascii_wctomb
                0x0800d23c       0x1a C:/software/STM32CubeCLT_1.15.1/GNU-tools-for-STM32/bin/../lib/gcc/arm-none-eabi/12.3.1/../../../../arm-none-eabi/lib/thumb/v7-m/nofp\libg.a(libc_a-wctomb_r.o)
                0x0800d23c                __ascii_wctomb
 *fill*         0x0800d256        0x2 
 .text.fiprintf
                0x0800d258       0x24 C:/software/STM32CubeCLT_1.15.1/GNU-tools-for-STM32/bin/../lib/gcc/arm-none-eabi/12.3.1/../../../../arm-none-eabi/lib/thumb/v7-m/nofp\libg.a(libc_a-fiprintf.o)
                0x0800d258                fiprintf
 .text.__sprint_r
                0x0800d27c       0x64 C:/software/STM32CubeCLT_1.15.1/GNU-tools-for-STM32/bin/../lib/gcc/arm-none-eabi/12.3.1/../../../../arm-none-eabi/lib/thumb/v7-m/nofp\libg.a(libc_a-vfiprintf.o)
                0x0800d27c                __sprint_r
 .text._vfiprintf_r
                0x0800d2e0      0x914 C:/software/STM32CubeCLT_1.15.1/GNU-tools-for-STM32/bin/../lib/gcc/arm-none-eabi/12.3.1/../../../../arm-none-eabi/lib/thumb/v7-m/nofp\libg.a(libc_a-vfiprintf.o)
                0x0800d2e0                _vfiprintf_r
 .text.__sbprintf
                0x0800dbf4       0x80 C:/software/STM32CubeCLT_1.15.1/GNU-tools-for-STM32/bin/../lib/gcc/arm-none-eabi/12.3.1/../../../../arm-none-eabi/lib/thumb/v7-m/nofp\libg.a(libc_a-vfiprintf.o)
 .text.__sfvwrite_r
                0x0800dc74      0x298 C:/software/STM32CubeCLT_1.15.1/GNU-tools-for-STM32/bin/../lib/gcc/arm-none-eabi/12.3.1/../../../../arm-none-eabi/lib/thumb/v7-m/nofp\libg.a(libc_a-fvwrite.o)
                0x0800dc74                __sfvwrite_r
 .text.__swsetup_r
                0x0800df0c       0xac C:/software/STM32CubeCLT_1.15.1/GNU-tools-for-STM32/bin/../lib/gcc/arm-none-eabi/12.3.1/../../../../arm-none-eabi/lib/thumb/v7-m/nofp\libg.a(libc_a-wsetup.o)
                0x0800df0c                __swsetup_r
 .text.__fputwc
                0x0800dfb8       0x82 C:/software/STM32CubeCLT_1.15.1/GNU-tools-for-STM32/bin/../lib/gcc/arm-none-eabi/12.3.1/../../../../arm-none-eabi/lib/thumb/v7-m/nofp\libg.a(libc_a-fputwc.o)
                0x0800dfb8                __fputwc
 .text._fputwc_r
                0x0800e03a       0x52 C:/software/STM32CubeCLT_1.15.1/GNU-tools-for-STM32/bin/../lib/gcc/arm-none-eabi/12.3.1/../../../../arm-none-eabi/lib/thumb/v7-m/nofp\libg.a(libc_a-fputwc.o)
                0x0800e03a                _fputwc_r
 .text.abort    0x0800e08c        0xe C:/software/STM32CubeCLT_1.15.1/GNU-tools-for-STM32/bin/../lib/gcc/arm-none-eabi/12.3.1/../../../../arm-none-eabi/lib/thumb/v7-m/nofp\libg.a(libc_a-abort.o)
                0x0800e08c                abort